12:21:03 **** Build of configuration Debug for project opencvcarctrl ****
make all 
Building file: ../src/main.cc
Invoking: ARM v7 Linux g++ compiler
arm-linux-gnueabihf-g++ -Wall -O0 -g3 -I"/home/mirel/.opt/SDK/2017.4/data/embeddedsw/ThirdParty/opencv/aarch32/include" -I"/home/mirel/Zybo/SDCar/build/tmp/sysroots/plnx_arm/usr/include" -I"/home/mirel/.opt/petalinux/tools/linux-i386/gcc-arm-linux-gnueabi/arm-linux-gnueabihf/include" -I"/home/mirel/.opt/petalinux/tools/linux-i386/gcc-arm-linux-gnueabi/arm-linux-gnueabihf/include/c++/6.2.1" -I"/home/mirel/.opt/petalinux/tools/linux-i386/gcc-arm-linux-gnueabi/arm-linux-gnueabihf/include/c++/6.2.1/arm-linux-gnueabihf" -I"/home/mirel/.opt/petalinux/tools/linux-i386/gcc-arm-linux-gnueabi/arm-linux-gnueabihf/include/c++/6.2.1/backward" -I"/home/mirel/.opt/petalinux/tools/linux-i386/gcc-arm-linux-gnueabi/arm-linux-gnueabihf/libc/usr/include" -I"/home/mirel/.opt/petalinux/tools/linux-i386/gcc-arm-linux-gnueabi/lib/gcc/arm-linux-gnueabihf/6.2.1/include" -I"/home/mirel/.opt/petalinux/tools/linux-i386/gcc-arm-linux-gnueabi/lib/gcc/arm-linux-gnueabihf/6.2.1/include-fixed" -c -fmessage-length=0 -MT"src/main.o" -MMD -MP -MF"src/main.d" -MT"src/main.o" -o "src/main.o" "../src/main.cc"
Finished building: ../src/main.cc
 
Building target: opencvcarctrl.elf
Invoking: ARM v7 Linux g++ linker
arm-linux-gnueabihf-g++ -L"/home/mirel/.opt/SDK/2017.4/data/embeddedsw/ThirdParty/opencv/aarch32/lib" -L"/home/mirel/Zybo/SDCar/build/tmp/sysroots/plnx_arm/usr/lib" -L"/home/mirel/Zybo/SDCar/build/tmp/sysroots/plnx_arm/lib" -o "opencvcarctrl.elf"  ./src/main.o   -lopencv_core
/home/mirel/.opt/petalinux/tools/linux-i386/gcc-arm-linux-gnueabi/bin/../lib/gcc/arm-linux-gnueabihf/6.2.1/../../../../arm-linux-gnueabihf/bin/ld: cannot find /lib/libc.so.6
makefile:48: recipe for target 'opencvcarctrl.elf' failed
/home/mirel/.opt/petalinux/tools/linux-i386/gcc-arm-linux-gnueabi/bin/../lib/gcc/arm-linux-gnueabihf/6.2.1/../../../../arm-linux-gnueabihf/bin/ld: cannot find /usr/lib/libc_nonshared.a
/home/mirel/.opt/petalinux/tools/linux-i386/gcc-arm-linux-gnueabi/bin/../lib/gcc/arm-linux-gnueabihf/6.2.1/../../../../arm-linux-gnueabihf/bin/ld: cannot find /lib/ld-linux-armhf.so.3
collect2: error: ld returned 1 exit status
make: *** [opencvcarctrl.elf] Error 1
12:22:25 **** Auto Build of configuration Debug for project opencvcarctrl ****
make all 
Building target: opencvcarctrl.elf
Invoking: ARM v7 Linux g++ linker
arm-linux-gnueabihf-g++ -L"/home/mirel/.opt/SDK/2017.4/data/embeddedsw/ThirdParty/opencv/aarch32/lib" -L"/home/mirel/Zybo/SDCar/build/tmp/sysroots/plnx_arm/usr/lib" -L"/home/mirel/Zybo/SDCar/build/tmp/sysroots/plnx_arm/lib" --sysroot="/home/mirel/Zybo/SDCar/build/tmp/sysroots/plnx_arm" -o "opencvcarctrl.elf"  ./src/main.o   -lopencv_core
Finished building target: opencvcarctrl.elf
 
Invoking: ARM v7 Linux Print Size
arm-linux-gnueabihf-size opencvcarctrl.elf  |tee "opencvcarctrl.elf.size"
   text	   data	    bss	    dec	    hex	filename
  31782	    480	    148	  32410	   7e9a	opencvcarctrl.elf
Finished building: opencvcarctrl.elf.size
 
12:23:38 **** Auto Build of configuration Debug for project opencvcarctrl ****
make all 
Building file: ../src/main.cc
Invoking: ARM v7 Linux g++ compiler
arm-linux-gnueabihf-g++ -Wall -O0 -g3 -I"/home/mirel/.opt/SDK/2017.4/data/embeddedsw/ThirdParty/opencv/aarch32/include" -I"/home/mirel/Zybo/SDCar/build/tmp/sysroots/plnx_arm/usr/include" -I"/home/mirel/.opt/petalinux/tools/linux-i386/gcc-arm-linux-gnueabi/arm-linux-gnueabihf/include" -I"/home/mirel/.opt/petalinux/tools/linux-i386/gcc-arm-linux-gnueabi/arm-linux-gnueabihf/include/c++/6.2.1" -I"/home/mirel/.opt/petalinux/tools/linux-i386/gcc-arm-linux-gnueabi/arm-linux-gnueabihf/include/c++/6.2.1/arm-linux-gnueabihf" -I"/home/mirel/.opt/petalinux/tools/linux-i386/gcc-arm-linux-gnueabi/arm-linux-gnueabihf/include/c++/6.2.1/backward" -I"/home/mirel/.opt/petalinux/tools/linux-i386/gcc-arm-linux-gnueabi/arm-linux-gnueabihf/libc/usr/include" -I"/home/mirel/.opt/petalinux/tools/linux-i386/gcc-arm-linux-gnueabi/lib/gcc/arm-linux-gnueabihf/6.2.1/include" -I"/home/mirel/.opt/petalinux/tools/linux-i386/gcc-arm-linux-gnueabi/lib/gcc/arm-linux-gnueabihf/6.2.1/include-fixed" -c -fmessage-length=0 -MT"src/main.o" -MMD -MP -MF"src/main.d" -MT"src/main.o" -o "src/main.o" "../src/main.cc"
../src/main.cc: In function ‘int main(int, char**)’:
../src/main.cc:34:5: error: expected ‘;’ before ‘M’
     M.create(4,4, CV_8UC(2));
     ^
make: *** [src/main.o] Error 1
src/subdir.mk:18: recipe for target 'src/main.o' failed
12:24:15 **** Auto Build of configuration Debug for project opencvcarctrl ****
make all 
Building file: ../src/main.cc
Invoking: ARM v7 Linux g++ compiler
arm-linux-gnueabihf-g++ -Wall -O0 -g3 -I"/home/mirel/.opt/SDK/2017.4/data/embeddedsw/ThirdParty/opencv/aarch32/include" -I"/home/mirel/Zybo/SDCar/build/tmp/sysroots/plnx_arm/usr/include" -I"/home/mirel/.opt/petalinux/tools/linux-i386/gcc-arm-linux-gnueabi/arm-linux-gnueabihf/include" -I"/home/mirel/.opt/petalinux/tools/linux-i386/gcc-arm-linux-gnueabi/arm-linux-gnueabihf/include/c++/6.2.1" -I"/home/mirel/.opt/petalinux/tools/linux-i386/gcc-arm-linux-gnueabi/arm-linux-gnueabihf/include/c++/6.2.1/arm-linux-gnueabihf" -I"/home/mirel/.opt/petalinux/tools/linux-i386/gcc-arm-linux-gnueabi/arm-linux-gnueabihf/include/c++/6.2.1/backward" -I"/home/mirel/.opt/petalinux/tools/linux-i386/gcc-arm-linux-gnueabi/arm-linux-gnueabihf/libc/usr/include" -I"/home/mirel/.opt/petalinux/tools/linux-i386/gcc-arm-linux-gnueabi/lib/gcc/arm-linux-gnueabihf/6.2.1/include" -I"/home/mirel/.opt/petalinux/tools/linux-i386/gcc-arm-linux-gnueabi/lib/gcc/arm-linux-gnueabihf/6.2.1/include-fixed" -c -fmessage-length=0 -MT"src/main.o" -MMD -MP -MF"src/main.d" -MT"src/main.o" -o "src/main.o" "../src/main.cc"
Finished building: ../src/main.cc
 
Building target: opencvcarctrl.elf
Invoking: ARM v7 Linux g++ linker
arm-linux-gnueabihf-g++ -L"/home/mirel/.opt/SDK/2017.4/data/embeddedsw/ThirdParty/opencv/aarch32/lib" -L"/home/mirel/Zybo/SDCar/build/tmp/sysroots/plnx_arm/usr/lib" -L"/home/mirel/Zybo/SDCar/build/tmp/sysroots/plnx_arm/lib" --sysroot="/home/mirel/Zybo/SDCar/build/tmp/sysroots/plnx_arm" -o "opencvcarctrl.elf"  ./src/main.o   -lopencv_core
Finished building target: opencvcarctrl.elf
 
Invoking: ARM v7 Linux Print Size
arm-linux-gnueabihf-size opencvcarctrl.elf  |tee "opencvcarctrl.elf.size"
   text	   data	    bss	    dec	    hex	filename
  31782	    480	    148	  32410	   7e9a	opencvcarctrl.elf
Finished building: opencvcarctrl.elf.size
 
12:24:22 **** Auto Build of configuration Debug for project opencvcarctrl ****
make all 
Building file: ../src/main.cc
Invoking: ARM v7 Linux g++ compiler
arm-linux-gnueabihf-g++ -Wall -O0 -g3 -I"/home/mirel/.opt/SDK/2017.4/data/embeddedsw/ThirdParty/opencv/aarch32/include" -I"/home/mirel/Zybo/SDCar/build/tmp/sysroots/plnx_arm/usr/include" -I"/home/mirel/.opt/petalinux/tools/linux-i386/gcc-arm-linux-gnueabi/arm-linux-gnueabihf/include" -I"/home/mirel/.opt/petalinux/tools/linux-i386/gcc-arm-linux-gnueabi/arm-linux-gnueabihf/include/c++/6.2.1" -I"/home/mirel/.opt/petalinux/tools/linux-i386/gcc-arm-linux-gnueabi/arm-linux-gnueabihf/include/c++/6.2.1/arm-linux-gnueabihf" -I"/home/mirel/.opt/petalinux/tools/linux-i386/gcc-arm-linux-gnueabi/arm-linux-gnueabihf/include/c++/6.2.1/backward" -I"/home/mirel/.opt/petalinux/tools/linux-i386/gcc-arm-linux-gnueabi/arm-linux-gnueabihf/libc/usr/include" -I"/home/mirel/.opt/petalinux/tools/linux-i386/gcc-arm-linux-gnueabi/lib/gcc/arm-linux-gnueabihf/6.2.1/include" -I"/home/mirel/.opt/petalinux/tools/linux-i386/gcc-arm-linux-gnueabi/lib/gcc/arm-linux-gnueabihf/6.2.1/include-fixed" -c -fmessage-length=0 -MT"src/main.o" -MMD -MP -MF"src/main.d" -MT"src/main.o" -o "src/main.o" "../src/main.cc"
../src/main.cc: In function ‘int main(int, char**)’:
../src/main.cc:34:5: error: expected ‘;’ before ‘M’
     M.create(4,4, CV_8UC(2));
     ^
src/subdir.mk:18: recipe for target 'src/main.o' failed
make: *** [src/main.o] Error 1
12:25:23 **** Auto Build of configuration Debug for project opencvcarctrl ****
make all 
Building file: ../src/main.cc
Invoking: ARM v7 Linux g++ compiler
arm-linux-gnueabihf-g++ -Wall -O0 -g3 -I"/home/mirel/.opt/SDK/2017.4/data/embeddedsw/ThirdParty/opencv/aarch32/include" -I"/home/mirel/Zybo/SDCar/build/tmp/sysroots/plnx_arm/usr/include" -I"/home/mirel/.opt/petalinux/tools/linux-i386/gcc-arm-linux-gnueabi/arm-linux-gnueabihf/include" -I"/home/mirel/.opt/petalinux/tools/linux-i386/gcc-arm-linux-gnueabi/arm-linux-gnueabihf/include/c++/6.2.1" -I"/home/mirel/.opt/petalinux/tools/linux-i386/gcc-arm-linux-gnueabi/arm-linux-gnueabihf/include/c++/6.2.1/arm-linux-gnueabihf" -I"/home/mirel/.opt/petalinux/tools/linux-i386/gcc-arm-linux-gnueabi/arm-linux-gnueabihf/include/c++/6.2.1/backward" -I"/home/mirel/.opt/petalinux/tools/linux-i386/gcc-arm-linux-gnueabi/arm-linux-gnueabihf/libc/usr/include" -I"/home/mirel/.opt/petalinux/tools/linux-i386/gcc-arm-linux-gnueabi/lib/gcc/arm-linux-gnueabihf/6.2.1/include" -I"/home/mirel/.opt/petalinux/tools/linux-i386/gcc-arm-linux-gnueabi/lib/gcc/arm-linux-gnueabihf/6.2.1/include-fixed" -c -fmessage-length=0 -MT"src/main.o" -MMD -MP -MF"src/main.d" -MT"src/main.o" -o "src/main.o" "../src/main.cc"
Finished building: ../src/main.cc
 
Building target: opencvcarctrl.elf
Invoking: ARM v7 Linux g++ linker
arm-linux-gnueabihf-g++ -L"/home/mirel/.opt/SDK/2017.4/data/embeddedsw/ThirdParty/opencv/aarch32/lib" -L"/home/mirel/Zybo/SDCar/build/tmp/sysroots/plnx_arm/usr/lib" -L"/home/mirel/Zybo/SDCar/build/tmp/sysroots/plnx_arm/lib" --sysroot="/home/mirel/Zybo/SDCar/build/tmp/sysroots/plnx_arm" -o "opencvcarctrl.elf"  ./src/main.o   -lopencv_core
Finished building target: opencvcarctrl.elf
 
Invoking: ARM v7 Linux Print Size
arm-linux-gnueabihf-size opencvcarctrl.elf  |tee "opencvcarctrl.elf.size"
   text	   data	    bss	    dec	    hex	filename
  31782	    480	    148	  32410	   7e9a	opencvcarctrl.elf
Finished building: opencvcarctrl.elf.size
 
12:27:46 **** Auto Build of configuration Debug for project opencvcarctrl ****
make all 
Building file: ../src/main.cc
Invoking: ARM v7 Linux g++ compiler
arm-linux-gnueabihf-g++ -Wall -O0 -g3 -I"/home/mirel/.opt/SDK/2017.4/data/embeddedsw/ThirdParty/opencv/aarch32/include" -I"/home/mirel/Zybo/SDCar/build/tmp/sysroots/plnx_arm/usr/include" -I"/home/mirel/.opt/petalinux/tools/linux-i386/gcc-arm-linux-gnueabi/arm-linux-gnueabihf/include" -I"/home/mirel/.opt/petalinux/tools/linux-i386/gcc-arm-linux-gnueabi/arm-linux-gnueabihf/include/c++/6.2.1" -I"/home/mirel/.opt/petalinux/tools/linux-i386/gcc-arm-linux-gnueabi/arm-linux-gnueabihf/include/c++/6.2.1/arm-linux-gnueabihf" -I"/home/mirel/.opt/petalinux/tools/linux-i386/gcc-arm-linux-gnueabi/arm-linux-gnueabihf/include/c++/6.2.1/backward" -I"/home/mirel/.opt/petalinux/tools/linux-i386/gcc-arm-linux-gnueabi/arm-linux-gnueabihf/libc/usr/include" -I"/home/mirel/.opt/petalinux/tools/linux-i386/gcc-arm-linux-gnueabi/lib/gcc/arm-linux-gnueabihf/6.2.1/include" -I"/home/mirel/.opt/petalinux/tools/linux-i386/gcc-arm-linux-gnueabi/lib/gcc/arm-linux-gnueabihf/6.2.1/include-fixed" -c -fmessage-length=0 -MT"src/main.o" -MMD -MP -MF"src/main.d" -MT"src/main.o" -o "src/main.o" "../src/main.cc"
Finished building: ../src/main.cc
 
Building target: opencvcarctrl.elf
Invoking: ARM v7 Linux g++ linker
arm-linux-gnueabihf-g++ -L"/home/mirel/.opt/SDK/2017.4/data/embeddedsw/ThirdParty/opencv/aarch32/lib" -L"/home/mirel/Zybo/SDCar/build/tmp/sysroots/plnx_arm/usr/lib" -L"/home/mirel/Zybo/SDCar/build/tmp/sysroots/plnx_arm/lib" --sysroot="/home/mirel/Zybo/SDCar/build/tmp/sysroots/plnx_arm" -o "opencvcarctrl.elf"  ./src/main.o   -lopencv_core -lopencv_imgcodecs -lopencv_imgproc
Finished building target: opencvcarctrl.elf
 
Invoking: ARM v7 Linux Print Size
arm-linux-gnueabihf-size opencvcarctrl.elf  |tee "opencvcarctrl.elf.size"
   text	   data	    bss	    dec	    hex	filename
  31834	    496	    148	  32478	   7ede	opencvcarctrl.elf
Finished building: opencvcarctrl.elf.size
 
12:27:52 **** Auto Build of configuration Debug for project opencvcarctrl ****
make all 
Building target: opencvcarctrl.elf
Invoking: ARM v7 Linux g++ linker
arm-linux-gnueabihf-g++ -L"/home/mirel/.opt/SDK/2017.4/data/embeddedsw/ThirdParty/opencv/aarch32/lib" -L"/home/mirel/Zybo/SDCar/build/tmp/sysroots/plnx_arm/usr/lib" -L"/home/mirel/Zybo/SDCar/build/tmp/sysroots/plnx_arm/lib" --sysroot="/home/mirel/Zybo/SDCar/build/tmp/sysroots/plnx_arm" -o "opencvcarctrl.elf"  ./src/main.o   -lopencv_core -lopencv_imgcodecs -lopencv_imgproc
Finished building target: opencvcarctrl.elf
 
Invoking: ARM v7 Linux Print Size
arm-linux-gnueabihf-size opencvcarctrl.elf  |tee "opencvcarctrl.elf.size"
   text	   data	    bss	    dec	    hex	filename
  31834	    496	    148	  32478	   7ede	opencvcarctrl.elf
Finished building: opencvcarctrl.elf.size
 
12:27:59 **** Auto Build of configuration Debug for project opencvcarctrl ****
make all 
Building file: ../src/main.cc
Invoking: ARM v7 Linux g++ compiler
arm-linux-gnueabihf-g++ -Wall -O0 -g3 -I"/home/mirel/.opt/SDK/2017.4/data/embeddedsw/ThirdParty/opencv/aarch32/include" -I"/home/mirel/Zybo/SDCar/build/tmp/sysroots/plnx_arm/usr/include" -I"/home/mirel/.opt/petalinux/tools/linux-i386/gcc-arm-linux-gnueabi/arm-linux-gnueabihf/include" -I"/home/mirel/.opt/petalinux/tools/linux-i386/gcc-arm-linux-gnueabi/arm-linux-gnueabihf/include/c++/6.2.1" -I"/home/mirel/.opt/petalinux/tools/linux-i386/gcc-arm-linux-gnueabi/arm-linux-gnueabihf/include/c++/6.2.1/arm-linux-gnueabihf" -I"/home/mirel/.opt/petalinux/tools/linux-i386/gcc-arm-linux-gnueabi/arm-linux-gnueabihf/include/c++/6.2.1/backward" -I"/home/mirel/.opt/petalinux/tools/linux-i386/gcc-arm-linux-gnueabi/arm-linux-gnueabihf/libc/usr/include" -I"/home/mirel/.opt/petalinux/tools/linux-i386/gcc-arm-linux-gnueabi/lib/gcc/arm-linux-gnueabihf/6.2.1/include" -I"/home/mirel/.opt/petalinux/tools/linux-i386/gcc-arm-linux-gnueabi/lib/gcc/arm-linux-gnueabihf/6.2.1/include-fixed" -c -fmessage-length=0 -MT"src/main.o" -MMD -MP -MF"src/main.d" -MT"src/main.o" -o "src/main.o" "../src/main.cc"
../src/main.cc: In function ‘void onTrackbar(int, void*)’:
../src/main.cc:21:31: error: ‘imshow’ was not declared in this scope
     imshow(window_name1, cedge);
                               ^
../src/main.cc:25:63: error: cannot convert ‘cv::Mat’ to ‘double’ for argument ‘3’ to ‘void cv::Canny(cv::InputArray, cv::OutputArray, double, double, int, bool)’
     Canny( dx,dy, edge2, edgeThreshScharr, edgeThreshScharr*3 );
                                                               ^
../src/main.cc: In function ‘int main(int, const char**)’:
../src/main.cc:45:20: error: ‘samples’ has not been declared
     image = imread(samples::findFile(filename), IMREAD_COLOR);
                    ^~~~~~~
../src/main.cc:55:32: error: ‘namedWindow’ was not declared in this scope
     namedWindow(window_name1, 1);
                                ^
../src/main.cc:58:89: error: ‘createTrackbar’ was not declared in this scope
     createTrackbar("Canny threshold default", window_name1, &edgeThresh, 100, onTrackbar);
                                                                                         ^
../src/main.cc:63:14: error: ‘waitKey’ was not declared in this scope
     waitKey(0);
              ^
src/subdir.mk:18: recipe for target 'src/main.o' failed
make: *** [src/main.o] Error 1
12:28:30 **** Auto Build of configuration Debug for project opencvcarctrl ****
make all 
Building file: ../src/main.cc
Invoking: ARM v7 Linux g++ compiler
arm-linux-gnueabihf-g++ -Wall -O0 -g3 -I"/home/mirel/.opt/SDK/2017.4/data/embeddedsw/ThirdParty/opencv/aarch32/include" -I"/home/mirel/Zybo/SDCar/build/tmp/sysroots/plnx_arm/usr/include" -I"/home/mirel/.opt/petalinux/tools/linux-i386/gcc-arm-linux-gnueabi/arm-linux-gnueabihf/include" -I"/home/mirel/.opt/petalinux/tools/linux-i386/gcc-arm-linux-gnueabi/arm-linux-gnueabihf/include/c++/6.2.1" -I"/home/mirel/.opt/petalinux/tools/linux-i386/gcc-arm-linux-gnueabi/arm-linux-gnueabihf/include/c++/6.2.1/arm-linux-gnueabihf" -I"/home/mirel/.opt/petalinux/tools/linux-i386/gcc-arm-linux-gnueabi/arm-linux-gnueabihf/include/c++/6.2.1/backward" -I"/home/mirel/.opt/petalinux/tools/linux-i386/gcc-arm-linux-gnueabi/arm-linux-gnueabihf/libc/usr/include" -I"/home/mirel/.opt/petalinux/tools/linux-i386/gcc-arm-linux-gnueabi/lib/gcc/arm-linux-gnueabihf/6.2.1/include" -I"/home/mirel/.opt/petalinux/tools/linux-i386/gcc-arm-linux-gnueabi/lib/gcc/arm-linux-gnueabihf/6.2.1/include-fixed" -c -fmessage-length=0 -MT"src/main.o" -MMD -MP -MF"src/main.d" -MT"src/main.o" -o "src/main.o" "../src/main.cc"
../src/main.cc: In function ‘void onTrackbar(int, void*)’:
../src/main.cc:21:31: error: ‘imshow’ was not declared in this scope
     imshow(window_name1, cedge);
                               ^
../src/main.cc:25:63: error: cannot convert ‘cv::Mat’ to ‘double’ for argument ‘3’ to ‘void cv::Canny(cv::InputArray, cv::OutputArray, double, double, int, bool)’
     Canny( dx,dy, edge2, edgeThreshScharr, edgeThreshScharr*3 );
                                                               ^
../src/main.cc: In function ‘int main(int, const char**)’:
../src/main.cc:45:20: error: ‘samples’ has not been declared
     image = imread(samples::findFile(filename), IMREAD_COLOR);
                    ^~~~~~~
../src/main.cc:63:14: error: ‘waitKey’ was not declared in this scope
     waitKey(0);
              ^
src/subdir.mk:18: recipe for target 'src/main.o' failed
make: *** [src/main.o] Error 1
12:29:25 **** Auto Build of configuration Debug for project opencvcarctrl ****
make all 
Building file: ../src/main.cc
Invoking: ARM v7 Linux g++ compiler
arm-linux-gnueabihf-g++ -Wall -O0 -g3 -I"/home/mirel/.opt/SDK/2017.4/data/embeddedsw/ThirdParty/opencv/aarch32/include" -I"/home/mirel/Zybo/SDCar/build/tmp/sysroots/plnx_arm/usr/include" -I"/home/mirel/.opt/petalinux/tools/linux-i386/gcc-arm-linux-gnueabi/arm-linux-gnueabihf/include" -I"/home/mirel/.opt/petalinux/tools/linux-i386/gcc-arm-linux-gnueabi/arm-linux-gnueabihf/include/c++/6.2.1" -I"/home/mirel/.opt/petalinux/tools/linux-i386/gcc-arm-linux-gnueabi/arm-linux-gnueabihf/include/c++/6.2.1/arm-linux-gnueabihf" -I"/home/mirel/.opt/petalinux/tools/linux-i386/gcc-arm-linux-gnueabi/arm-linux-gnueabihf/include/c++/6.2.1/backward" -I"/home/mirel/.opt/petalinux/tools/linux-i386/gcc-arm-linux-gnueabi/arm-linux-gnueabihf/libc/usr/include" -I"/home/mirel/.opt/petalinux/tools/linux-i386/gcc-arm-linux-gnueabi/lib/gcc/arm-linux-gnueabihf/6.2.1/include" -I"/home/mirel/.opt/petalinux/tools/linux-i386/gcc-arm-linux-gnueabi/lib/gcc/arm-linux-gnueabihf/6.2.1/include-fixed" -c -fmessage-length=0 -MT"src/main.o" -MMD -MP -MF"src/main.d" -MT"src/main.o" -o "src/main.o" "../src/main.cc"
../src/main.cc: In function ‘void onTrackbar(int, void*)’:
../src/main.cc:25:63: error: cannot convert ‘cv::Mat’ to ‘double’ for argument ‘3’ to ‘void cv::Canny(cv::InputArray, cv::OutputArray, double, double, int, bool)’
     Canny( dx,dy, edge2, edgeThreshScharr, edgeThreshScharr*3 );
                                                               ^
../src/main.cc:28:31: error: ‘imshow’ was not declared in this scope
     imshow(window_name2, cedge);
                               ^
../src/main.cc: In function ‘int main(int, const char**)’:
../src/main.cc:45:20: error: ‘samples’ has not been declared
     image = imread(samples::findFile(filename), IMREAD_COLOR);
                    ^~~~~~~
../src/main.cc:63:14: error: ‘waitKey’ was not declared in this scope
     waitKey(0);
              ^
src/subdir.mk:18: recipe for target 'src/main.o' failed
make: *** [src/main.o] Error 1
12:31:00 **** Auto Build of configuration Debug for project opencvcarctrl ****
make all 
Building file: ../src/main.cc
Invoking: ARM v7 Linux g++ compiler
arm-linux-gnueabihf-g++ -Wall -O0 -g3 -I"/home/mirel/.opt/SDK/2017.4/data/embeddedsw/ThirdParty/opencv/aarch32/include" -I"/home/mirel/Zybo/SDCar/build/tmp/sysroots/plnx_arm/usr/include" -I"/home/mirel/.opt/petalinux/tools/linux-i386/gcc-arm-linux-gnueabi/arm-linux-gnueabihf/include" -I"/home/mirel/.opt/petalinux/tools/linux-i386/gcc-arm-linux-gnueabi/arm-linux-gnueabihf/include/c++/6.2.1" -I"/home/mirel/.opt/petalinux/tools/linux-i386/gcc-arm-linux-gnueabi/arm-linux-gnueabihf/include/c++/6.2.1/arm-linux-gnueabihf" -I"/home/mirel/.opt/petalinux/tools/linux-i386/gcc-arm-linux-gnueabi/arm-linux-gnueabihf/include/c++/6.2.1/backward" -I"/home/mirel/.opt/petalinux/tools/linux-i386/gcc-arm-linux-gnueabi/arm-linux-gnueabihf/libc/usr/include" -I"/home/mirel/.opt/petalinux/tools/linux-i386/gcc-arm-linux-gnueabi/lib/gcc/arm-linux-gnueabihf/6.2.1/include" -I"/home/mirel/.opt/petalinux/tools/linux-i386/gcc-arm-linux-gnueabi/lib/gcc/arm-linux-gnueabihf/6.2.1/include-fixed" -c -fmessage-length=0 -MT"src/main.o" -MMD -MP -MF"src/main.d" -MT"src/main.o" -o "src/main.o" "../src/main.cc"
../src/main.cc:1:16: fatal error: cv.h: No such file or directory
 #include <cv.h>
                ^
compilation terminated.
src/subdir.mk:18: recipe for target 'src/main.o' failed
make: *** [src/main.o] Error 1
12:31:17 **** Auto Build of configuration Debug for project opencvcarctrl ****
make all 
Building file: ../src/main.cc
Invoking: ARM v7 Linux g++ compiler
arm-linux-gnueabihf-g++ -Wall -O0 -g3 -I"/home/mirel/.opt/SDK/2017.4/data/embeddedsw/ThirdParty/opencv/aarch32/include" -I"/home/mirel/Zybo/SDCar/build/tmp/sysroots/plnx_arm/usr/include" -I"/home/mirel/.opt/petalinux/tools/linux-i386/gcc-arm-linux-gnueabi/arm-linux-gnueabihf/include" -I"/home/mirel/.opt/petalinux/tools/linux-i386/gcc-arm-linux-gnueabi/arm-linux-gnueabihf/include/c++/6.2.1" -I"/home/mirel/.opt/petalinux/tools/linux-i386/gcc-arm-linux-gnueabi/arm-linux-gnueabihf/include/c++/6.2.1/arm-linux-gnueabihf" -I"/home/mirel/.opt/petalinux/tools/linux-i386/gcc-arm-linux-gnueabi/arm-linux-gnueabihf/include/c++/6.2.1/backward" -I"/home/mirel/.opt/petalinux/tools/linux-i386/gcc-arm-linux-gnueabi/arm-linux-gnueabihf/libc/usr/include" -I"/home/mirel/.opt/petalinux/tools/linux-i386/gcc-arm-linux-gnueabi/lib/gcc/arm-linux-gnueabihf/6.2.1/include" -I"/home/mirel/.opt/petalinux/tools/linux-i386/gcc-arm-linux-gnueabi/lib/gcc/arm-linux-gnueabihf/6.2.1/include-fixed" -c -fmessage-length=0 -MT"src/main.o" -MMD -MP -MF"src/main.d" -MT"src/main.o" -o "src/main.o" "../src/main.cc"
../src/main.cc: In function ‘int main(int, char**)’:
../src/main.cc:12:31: error: ‘imread’ was not declared in this scope
  image = imread( imageName, 1 );
                               ^
../src/main.cc:23:53: error: ‘imwrite’ was not declared in this scope
  imwrite( "../../images/Gray_Image.jpg", gray_image );
                                                     ^
../src/main.cc:25:26: error: ‘CV_WINDOW_AUTOSIZE’ was not declared in this scope
  namedWindow( imageName, CV_WINDOW_AUTOSIZE );
                          ^~~~~~~~~~~~~~~~~~
../src/main.cc:25:45: error: ‘namedWindow’ was not declared in this scope
  namedWindow( imageName, CV_WINDOW_AUTOSIZE );
                                             ^
../src/main.cc:28:27: error: ‘imshow’ was not declared in this scope
  imshow( imageName, image );
                           ^
../src/main.cc:31:11: error: ‘waitKey’ was not declared in this scope
  waitKey(0);
           ^
src/subdir.mk:18: recipe for target 'src/main.o' failed
make: *** [src/main.o] Error 1
12:31:42 **** Auto Build of configuration Debug for project opencvcarctrl ****
make all 
Building file: ../src/main.cc
Invoking: ARM v7 Linux g++ compiler
arm-linux-gnueabihf-g++ -Wall -O0 -g3 -I"/home/mirel/.opt/SDK/2017.4/data/embeddedsw/ThirdParty/opencv/aarch32/include" -I"/home/mirel/Zybo/SDCar/build/tmp/sysroots/plnx_arm/usr/include" -I"/home/mirel/.opt/petalinux/tools/linux-i386/gcc-arm-linux-gnueabi/arm-linux-gnueabihf/include" -I"/home/mirel/.opt/petalinux/tools/linux-i386/gcc-arm-linux-gnueabi/arm-linux-gnueabihf/include/c++/6.2.1" -I"/home/mirel/.opt/petalinux/tools/linux-i386/gcc-arm-linux-gnueabi/arm-linux-gnueabihf/include/c++/6.2.1/arm-linux-gnueabihf" -I"/home/mirel/.opt/petalinux/tools/linux-i386/gcc-arm-linux-gnueabi/arm-linux-gnueabihf/include/c++/6.2.1/backward" -I"/home/mirel/.opt/petalinux/tools/linux-i386/gcc-arm-linux-gnueabi/arm-linux-gnueabihf/libc/usr/include" -I"/home/mirel/.opt/petalinux/tools/linux-i386/gcc-arm-linux-gnueabi/lib/gcc/arm-linux-gnueabihf/6.2.1/include" -I"/home/mirel/.opt/petalinux/tools/linux-i386/gcc-arm-linux-gnueabi/lib/gcc/arm-linux-gnueabihf/6.2.1/include-fixed" -c -fmessage-length=0 -MT"src/main.o" -MMD -MP -MF"src/main.d" -MT"src/main.o" -o "src/main.o" "../src/main.cc"
../src/main.cc: In function ‘int main(int, char**)’:
../src/main.cc:26:26: error: ‘CV_WINDOW_AUTOSIZE’ was not declared in this scope
  namedWindow( imageName, CV_WINDOW_AUTOSIZE );
                          ^~~~~~~~~~~~~~~~~~
../src/main.cc:26:45: error: ‘namedWindow’ was not declared in this scope
  namedWindow( imageName, CV_WINDOW_AUTOSIZE );
                                             ^
../src/main.cc:29:27: error: ‘imshow’ was not declared in this scope
  imshow( imageName, image );
                           ^
../src/main.cc:32:11: error: ‘waitKey’ was not declared in this scope
  waitKey(0);
           ^
src/subdir.mk:18: recipe for target 'src/main.o' failed
make: *** [src/main.o] Error 1
12:33:09 **** Auto Build of configuration Debug for project opencvcarctrl ****
make all 
Building file: ../src/main.cc
Invoking: ARM v7 Linux g++ compiler
arm-linux-gnueabihf-g++ -Wall -O0 -g3 -I"/home/mirel/.opt/SDK/2017.4/data/embeddedsw/ThirdParty/opencv/aarch32/include" -I"/home/mirel/Zybo/SDCar/build/tmp/sysroots/plnx_arm/usr/include" -I"/home/mirel/.opt/petalinux/tools/linux-i386/gcc-arm-linux-gnueabi/arm-linux-gnueabihf/include" -I"/home/mirel/.opt/petalinux/tools/linux-i386/gcc-arm-linux-gnueabi/arm-linux-gnueabihf/include/c++/6.2.1" -I"/home/mirel/.opt/petalinux/tools/linux-i386/gcc-arm-linux-gnueabi/arm-linux-gnueabihf/include/c++/6.2.1/arm-linux-gnueabihf" -I"/home/mirel/.opt/petalinux/tools/linux-i386/gcc-arm-linux-gnueabi/arm-linux-gnueabihf/include/c++/6.2.1/backward" -I"/home/mirel/.opt/petalinux/tools/linux-i386/gcc-arm-linux-gnueabi/arm-linux-gnueabihf/libc/usr/include" -I"/home/mirel/.opt/petalinux/tools/linux-i386/gcc-arm-linux-gnueabi/lib/gcc/arm-linux-gnueabihf/6.2.1/include" -I"/home/mirel/.opt/petalinux/tools/linux-i386/gcc-arm-linux-gnueabi/lib/gcc/arm-linux-gnueabihf/6.2.1/include-fixed" -c -fmessage-length=0 -MT"src/main.o" -MMD -MP -MF"src/main.d" -MT"src/main.o" -o "src/main.o" "../src/main.cc"
../src/main.cc: In function ‘int main(int, char**)’:
../src/main.cc:18:2: error: expected ‘;’ before ‘if’
  if( argc != 2 || !image.data )
  ^~
../src/main.cc:22:2: warning: statement has no effect [-Wunused-value]
  }
  ^
../src/main.cc:13:8: warning: unused variable ‘pixels’ [-Wunused-variable]
  char* pixels;
        ^~~~~~
src/subdir.mk:18: recipe for target 'src/main.o' failed
make: *** [src/main.o] Error 1
12:33:50 **** Auto Build of configuration Debug for project opencvcarctrl ****
make all 
Building file: ../src/main.cc
Invoking: ARM v7 Linux g++ compiler
arm-linux-gnueabihf-g++ -Wall -O0 -g3 -I"/home/mirel/.opt/SDK/2017.4/data/embeddedsw/ThirdParty/opencv/aarch32/include" -I"/home/mirel/Zybo/SDCar/build/tmp/sysroots/plnx_arm/usr/include" -I"/home/mirel/.opt/petalinux/tools/linux-i386/gcc-arm-linux-gnueabi/arm-linux-gnueabihf/include" -I"/home/mirel/.opt/petalinux/tools/linux-i386/gcc-arm-linux-gnueabi/arm-linux-gnueabihf/include/c++/6.2.1" -I"/home/mirel/.opt/petalinux/tools/linux-i386/gcc-arm-linux-gnueabi/arm-linux-gnueabihf/include/c++/6.2.1/arm-linux-gnueabihf" -I"/home/mirel/.opt/petalinux/tools/linux-i386/gcc-arm-linux-gnueabi/arm-linux-gnueabihf/include/c++/6.2.1/backward" -I"/home/mirel/.opt/petalinux/tools/linux-i386/gcc-arm-linux-gnueabi/arm-linux-gnueabihf/libc/usr/include" -I"/home/mirel/.opt/petalinux/tools/linux-i386/gcc-arm-linux-gnueabi/lib/gcc/arm-linux-gnueabihf/6.2.1/include" -I"/home/mirel/.opt/petalinux/tools/linux-i386/gcc-arm-linux-gnueabi/lib/gcc/arm-linux-gnueabihf/6.2.1/include-fixed" -c -fmessage-length=0 -MT"src/main.o" -MMD -MP -MF"src/main.d" -MT"src/main.o" -o "src/main.o" "../src/main.cc"
../src/main.cc: In function ‘int main(int, char**)’:
../src/main.cc:20:2: error: expected ‘;’ before ‘if’
  if( argc != 2 || !image.data )
  ^~
../src/main.cc:24:2: warning: statement has no effect [-Wunused-value]
  }
  ^
../src/main.cc:15:8: warning: unused variable ‘pixels’ [-Wunused-variable]
  char* pixels;
        ^~~~~~
make: *** [src/main.o] Error 1
src/subdir.mk:18: recipe for target 'src/main.o' failed
12:34:32 **** Auto Build of configuration Debug for project opencvcarctrl ****
make all 
Building file: ../src/main.cc
Invoking: ARM v7 Linux g++ compiler
arm-linux-gnueabihf-g++ -Wall -O0 -g3 -I"/home/mirel/.opt/SDK/2017.4/data/embeddedsw/ThirdParty/opencv/aarch32/include" -I"/home/mirel/Zybo/SDCar/build/tmp/sysroots/plnx_arm/usr/include" -I"/home/mirel/.opt/petalinux/tools/linux-i386/gcc-arm-linux-gnueabi/arm-linux-gnueabihf/include" -I"/home/mirel/.opt/petalinux/tools/linux-i386/gcc-arm-linux-gnueabi/arm-linux-gnueabihf/include/c++/6.2.1" -I"/home/mirel/.opt/petalinux/tools/linux-i386/gcc-arm-linux-gnueabi/arm-linux-gnueabihf/include/c++/6.2.1/arm-linux-gnueabihf" -I"/home/mirel/.opt/petalinux/tools/linux-i386/gcc-arm-linux-gnueabi/arm-linux-gnueabihf/include/c++/6.2.1/backward" -I"/home/mirel/.opt/petalinux/tools/linux-i386/gcc-arm-linux-gnueabi/arm-linux-gnueabihf/libc/usr/include" -I"/home/mirel/.opt/petalinux/tools/linux-i386/gcc-arm-linux-gnueabi/lib/gcc/arm-linux-gnueabihf/6.2.1/include" -I"/home/mirel/.opt/petalinux/tools/linux-i386/gcc-arm-linux-gnueabi/lib/gcc/arm-linux-gnueabihf/6.2.1/include-fixed" -c -fmessage-length=0 -MT"src/main.o" -MMD -MP -MF"src/main.d" -MT"src/main.o" -o "src/main.o" "../src/main.cc"
../src/main.cc: In function ‘int main(int, char**)’:
../src/main.cc:21:2: error: expected ‘;’ before ‘if’
  if( argc != 2 || !image.data )
  ^~
../src/main.cc:25:2: warning: statement has no effect [-Wunused-value]
  }
  ^
../src/main.cc:15:8: warning: unused variable ‘pixels’ [-Wunused-variable]
  char* pixels;
        ^~~~~~
../src/main.cc:16:8: warning: unused variable ‘in’ [-Wunused-variable]
  FILE* in = fopen("/dev/video", "rb");
        ^~
src/subdir.mk:18: recipe for target 'src/main.o' failed
make: *** [src/main.o] Error 1
12:37:16 **** Auto Build of configuration Debug for project opencvcarctrl ****
make all 
Building file: ../src/main.cc
Invoking: ARM v7 Linux g++ compiler
arm-linux-gnueabihf-g++ -Wall -O0 -g3 -I"/home/mirel/.opt/SDK/2017.4/data/embeddedsw/ThirdParty/opencv/aarch32/include" -I"/home/mirel/Zybo/SDCar/build/tmp/sysroots/plnx_arm/usr/include" -I"/home/mirel/.opt/petalinux/tools/linux-i386/gcc-arm-linux-gnueabi/arm-linux-gnueabihf/include" -I"/home/mirel/.opt/petalinux/tools/linux-i386/gcc-arm-linux-gnueabi/arm-linux-gnueabihf/include/c++/6.2.1" -I"/home/mirel/.opt/petalinux/tools/linux-i386/gcc-arm-linux-gnueabi/arm-linux-gnueabihf/include/c++/6.2.1/arm-linux-gnueabihf" -I"/home/mirel/.opt/petalinux/tools/linux-i386/gcc-arm-linux-gnueabi/arm-linux-gnueabihf/include/c++/6.2.1/backward" -I"/home/mirel/.opt/petalinux/tools/linux-i386/gcc-arm-linux-gnueabi/arm-linux-gnueabihf/libc/usr/include" -I"/home/mirel/.opt/petalinux/tools/linux-i386/gcc-arm-linux-gnueabi/lib/gcc/arm-linux-gnueabihf/6.2.1/include" -I"/home/mirel/.opt/petalinux/tools/linux-i386/gcc-arm-linux-gnueabi/lib/gcc/arm-linux-gnueabihf/6.2.1/include-fixed" -c -fmessage-length=0 -MT"src/main.o" -MMD -MP -MF"src/main.d" -MT"src/main.o" -o "src/main.o" "../src/main.cc"
../src/main.cc: In function ‘int main(int, char**)’:
../src/main.cc:36:16: error: ‘FILE {aka struct _IO_FILE}’ has no member named ‘fileno’; did you mean ‘_fileno’?
  h = ioctl(in->fileno, )
                ^~~~~~
../src/main.cc:36:24: error: expected primary-expression before ‘)’ token
  h = ioctl(in->fileno, )
                        ^
../src/main.cc:36:24: error: ‘ioctl’ was not declared in this scope
../src/main.cc:30:8: warning: unused variable ‘pixels’ [-Wunused-variable]
  char* pixels;
        ^~~~~~
../src/main.cc:35:9: warning: unused variable ‘w’ [-Wunused-variable]
  int h, w, l;
         ^
../src/main.cc:35:12: warning: unused variable ‘l’ [-Wunused-variable]
  int h, w, l;
            ^
src/subdir.mk:18: recipe for target 'src/main.o' failed
make: *** [src/main.o] Error 1
12:37:37 **** Auto Build of configuration Debug for project opencvcarctrl ****
make all 
Building file: ../src/main.cc
Invoking: ARM v7 Linux g++ compiler
arm-linux-gnueabihf-g++ -Wall -O0 -g3 -I"/home/mirel/.opt/SDK/2017.4/data/embeddedsw/ThirdParty/opencv/aarch32/include" -I"/home/mirel/Zybo/SDCar/build/tmp/sysroots/plnx_arm/usr/include" -I"/home/mirel/.opt/petalinux/tools/linux-i386/gcc-arm-linux-gnueabi/arm-linux-gnueabihf/include" -I"/home/mirel/.opt/petalinux/tools/linux-i386/gcc-arm-linux-gnueabi/arm-linux-gnueabihf/include/c++/6.2.1" -I"/home/mirel/.opt/petalinux/tools/linux-i386/gcc-arm-linux-gnueabi/arm-linux-gnueabihf/include/c++/6.2.1/arm-linux-gnueabihf" -I"/home/mirel/.opt/petalinux/tools/linux-i386/gcc-arm-linux-gnueabi/arm-linux-gnueabihf/include/c++/6.2.1/backward" -I"/home/mirel/.opt/petalinux/tools/linux-i386/gcc-arm-linux-gnueabi/arm-linux-gnueabihf/libc/usr/include" -I"/home/mirel/.opt/petalinux/tools/linux-i386/gcc-arm-linux-gnueabi/lib/gcc/arm-linux-gnueabihf/6.2.1/include" -I"/home/mirel/.opt/petalinux/tools/linux-i386/gcc-arm-linux-gnueabi/lib/gcc/arm-linux-gnueabihf/6.2.1/include-fixed" -c -fmessage-length=0 -MT"src/main.o" -MMD -MP -MF"src/main.d" -MT"src/main.o" -o "src/main.o" "../src/main.cc"
../src/main.cc: In function ‘int main(int, char**)’:
../src/main.cc:36:16: error: ‘FILE {aka struct _IO_FILE}’ has no member named ‘fileno’; did you mean ‘_fileno’?
  h = ioctl(in->fileno, CHARVIDEO_IOCQHEIGHT);
                ^~~~~~
../src/main.cc:36:44: error: ‘ioctl’ was not declared in this scope
  h = ioctl(in->fileno, CHARVIDEO_IOCQHEIGHT);
                                            ^
../src/main.cc:41:2: error: expected ‘;’ before ‘if’
  if( argc != 2 || !image.data )
  ^~
../src/main.cc:45:2: warning: statement has no effect [-Wunused-value]
  }
  ^
../src/main.cc:30:8: warning: unused variable ‘pixels’ [-Wunused-variable]
  char* pixels;
        ^~~~~~
../src/main.cc:35:9: warning: unused variable ‘w’ [-Wunused-variable]
  int h, w, l;
         ^
../src/main.cc:35:12: warning: unused variable ‘l’ [-Wunused-variable]
  int h, w, l;
            ^
src/subdir.mk:18: recipe for target 'src/main.o' failed
make: *** [src/main.o] Error 1
12:37:52 **** Auto Build of configuration Debug for project opencvcarctrl ****
make all 
Building file: ../src/main.cc
Invoking: ARM v7 Linux g++ compiler
arm-linux-gnueabihf-g++ -Wall -O0 -g3 -I"/home/mirel/.opt/SDK/2017.4/data/embeddedsw/ThirdParty/opencv/aarch32/include" -I"/home/mirel/Zybo/SDCar/build/tmp/sysroots/plnx_arm/usr/include" -I"/home/mirel/.opt/petalinux/tools/linux-i386/gcc-arm-linux-gnueabi/arm-linux-gnueabihf/include" -I"/home/mirel/.opt/petalinux/tools/linux-i386/gcc-arm-linux-gnueabi/arm-linux-gnueabihf/include/c++/6.2.1" -I"/home/mirel/.opt/petalinux/tools/linux-i386/gcc-arm-linux-gnueabi/arm-linux-gnueabihf/include/c++/6.2.1/arm-linux-gnueabihf" -I"/home/mirel/.opt/petalinux/tools/linux-i386/gcc-arm-linux-gnueabi/arm-linux-gnueabihf/include/c++/6.2.1/backward" -I"/home/mirel/.opt/petalinux/tools/linux-i386/gcc-arm-linux-gnueabi/arm-linux-gnueabihf/libc/usr/include" -I"/home/mirel/.opt/petalinux/tools/linux-i386/gcc-arm-linux-gnueabi/lib/gcc/arm-linux-gnueabihf/6.2.1/include" -I"/home/mirel/.opt/petalinux/tools/linux-i386/gcc-arm-linux-gnueabi/lib/gcc/arm-linux-gnueabihf/6.2.1/include-fixed" -c -fmessage-length=0 -MT"src/main.o" -MMD -MP -MF"src/main.d" -MT"src/main.o" -o "src/main.o" "../src/main.cc"
../src/main.cc: In function ‘int main(int, char**)’:
../src/main.cc:36:16: error: ‘FILE {aka struct _IO_FILE}’ has no member named ‘fileno’; did you mean ‘_fileno’?
  h = ioctl(in->fileno, CHARVIDEO_IOCQHEIGHT);
                ^~~~~~
../src/main.cc:36:44: error: ‘ioctl’ was not declared in this scope
  h = ioctl(in->fileno, CHARVIDEO_IOCQHEIGHT);
                                            ^
../src/main.cc:30:8: warning: unused variable ‘pixels’ [-Wunused-variable]
  char* pixels;
        ^~~~~~
../src/main.cc:35:9: warning: unused variable ‘w’ [-Wunused-variable]
  int h, w, l;
         ^
../src/main.cc:35:12: warning: unused variable ‘l’ [-Wunused-variable]
  int h, w, l;
            ^
make: *** [src/main.o] Error 1
src/subdir.mk:18: recipe for target 'src/main.o' failed
12:38:12 **** Auto Build of configuration Debug for project opencvcarctrl ****
make all 
Building file: ../src/main.cc
Invoking: ARM v7 Linux g++ compiler
arm-linux-gnueabihf-g++ -Wall -O0 -g3 -I"/home/mirel/.opt/SDK/2017.4/data/embeddedsw/ThirdParty/opencv/aarch32/include" -I"/home/mirel/Zybo/SDCar/build/tmp/sysroots/plnx_arm/usr/include" -I"/home/mirel/.opt/petalinux/tools/linux-i386/gcc-arm-linux-gnueabi/arm-linux-gnueabihf/include" -I"/home/mirel/.opt/petalinux/tools/linux-i386/gcc-arm-linux-gnueabi/arm-linux-gnueabihf/include/c++/6.2.1" -I"/home/mirel/.opt/petalinux/tools/linux-i386/gcc-arm-linux-gnueabi/arm-linux-gnueabihf/include/c++/6.2.1/arm-linux-gnueabihf" -I"/home/mirel/.opt/petalinux/tools/linux-i386/gcc-arm-linux-gnueabi/arm-linux-gnueabihf/include/c++/6.2.1/backward" -I"/home/mirel/.opt/petalinux/tools/linux-i386/gcc-arm-linux-gnueabi/arm-linux-gnueabihf/libc/usr/include" -I"/home/mirel/.opt/petalinux/tools/linux-i386/gcc-arm-linux-gnueabi/lib/gcc/arm-linux-gnueabihf/6.2.1/include" -I"/home/mirel/.opt/petalinux/tools/linux-i386/gcc-arm-linux-gnueabi/lib/gcc/arm-linux-gnueabihf/6.2.1/include-fixed" -c -fmessage-length=0 -MT"src/main.o" -MMD -MP -MF"src/main.d" -MT"src/main.o" -o "src/main.o" "../src/main.cc"
../src/main.cc: In function ‘int main(int, char**)’:
../src/main.cc:36:16: error: ‘FILE {aka struct _IO_FILE}’ has no member named ‘fileno’; did you mean ‘_fileno’?
  h = ioctl(in->fileno, CHARVIDEO_IOCQHEIGHT);
                ^~~~~~
../src/main.cc:30:8: warning: unused variable ‘pixels’ [-Wunused-variable]
  char* pixels;
        ^~~~~~
../src/main.cc:35:9: warning: unused variable ‘w’ [-Wunused-variable]
  int h, w, l;
         ^
../src/main.cc:35:12: warning: unused variable ‘l’ [-Wunused-variable]
  int h, w, l;
            ^
make: *** [src/main.o] Error 1
src/subdir.mk:18: recipe for target 'src/main.o' failed
12:38:27 **** Auto Build of configuration Debug for project opencvcarctrl ****
make all 
Building file: ../src/main.cc
Invoking: ARM v7 Linux g++ compiler
arm-linux-gnueabihf-g++ -Wall -O0 -g3 -I"/home/mirel/.opt/SDK/2017.4/data/embeddedsw/ThirdParty/opencv/aarch32/include" -I"/home/mirel/Zybo/SDCar/build/tmp/sysroots/plnx_arm/usr/include" -I"/home/mirel/.opt/petalinux/tools/linux-i386/gcc-arm-linux-gnueabi/arm-linux-gnueabihf/include" -I"/home/mirel/.opt/petalinux/tools/linux-i386/gcc-arm-linux-gnueabi/arm-linux-gnueabihf/include/c++/6.2.1" -I"/home/mirel/.opt/petalinux/tools/linux-i386/gcc-arm-linux-gnueabi/arm-linux-gnueabihf/include/c++/6.2.1/arm-linux-gnueabihf" -I"/home/mirel/.opt/petalinux/tools/linux-i386/gcc-arm-linux-gnueabi/arm-linux-gnueabihf/include/c++/6.2.1/backward" -I"/home/mirel/.opt/petalinux/tools/linux-i386/gcc-arm-linux-gnueabi/arm-linux-gnueabihf/libc/usr/include" -I"/home/mirel/.opt/petalinux/tools/linux-i386/gcc-arm-linux-gnueabi/lib/gcc/arm-linux-gnueabihf/6.2.1/include" -I"/home/mirel/.opt/petalinux/tools/linux-i386/gcc-arm-linux-gnueabi/lib/gcc/arm-linux-gnueabihf/6.2.1/include-fixed" -c -fmessage-length=0 -MT"src/main.o" -MMD -MP -MF"src/main.d" -MT"src/main.o" -o "src/main.o" "../src/main.cc"
../src/main.cc: In function ‘int main(int, char**)’:
../src/main.cc:30:8: warning: unused variable ‘pixels’ [-Wunused-variable]
  char* pixels;
        ^~~~~~
../src/main.cc:35:6: warning: variable ‘h’ set but not used [-Wunused-but-set-variable]
  int h, w, l;
      ^
../src/main.cc:35:9: warning: unused variable ‘w’ [-Wunused-variable]
  int h, w, l;
         ^
../src/main.cc:35:12: warning: unused variable ‘l’ [-Wunused-variable]
  int h, w, l;
            ^
Finished building: ../src/main.cc
 
Building target: opencvcarctrl.elf
Invoking: ARM v7 Linux g++ linker
arm-linux-gnueabihf-g++ -L"/home/mirel/.opt/SDK/2017.4/data/embeddedsw/ThirdParty/opencv/aarch32/lib" -L"/home/mirel/Zybo/SDCar/build/tmp/sysroots/plnx_arm/usr/lib" -L"/home/mirel/Zybo/SDCar/build/tmp/sysroots/plnx_arm/lib" --sysroot="/home/mirel/Zybo/SDCar/build/tmp/sysroots/plnx_arm" -o "opencvcarctrl.elf"  ./src/main.o   -lopencv_core -lopencv_imgcodecs -lopencv_imgproc
Finished building target: opencvcarctrl.elf
 
Invoking: ARM v7 Linux Print Size
arm-linux-gnueabihf-size opencvcarctrl.elf  |tee "opencvcarctrl.elf.size"
   text	   data	    bss	    dec	    hex	filename
   6643	    388	      4	   7035	   1b7b	opencvcarctrl.elf
Finished building: opencvcarctrl.elf.size
 
12:38:59 **** Auto Build of configuration Debug for project opencvcarctrl ****
make all 
Building file: ../src/main.cc
Invoking: ARM v7 Linux g++ compiler
arm-linux-gnueabihf-g++ -Wall -O0 -g3 -I"/home/mirel/.opt/SDK/2017.4/data/embeddedsw/ThirdParty/opencv/aarch32/include" -I"/home/mirel/Zybo/SDCar/build/tmp/sysroots/plnx_arm/usr/include" -I"/home/mirel/.opt/petalinux/tools/linux-i386/gcc-arm-linux-gnueabi/arm-linux-gnueabihf/include" -I"/home/mirel/.opt/petalinux/tools/linux-i386/gcc-arm-linux-gnueabi/arm-linux-gnueabihf/include/c++/6.2.1" -I"/home/mirel/.opt/petalinux/tools/linux-i386/gcc-arm-linux-gnueabi/arm-linux-gnueabihf/include/c++/6.2.1/arm-linux-gnueabihf" -I"/home/mirel/.opt/petalinux/tools/linux-i386/gcc-arm-linux-gnueabi/arm-linux-gnueabihf/include/c++/6.2.1/backward" -I"/home/mirel/.opt/petalinux/tools/linux-i386/gcc-arm-linux-gnueabi/arm-linux-gnueabihf/libc/usr/include" -I"/home/mirel/.opt/petalinux/tools/linux-i386/gcc-arm-linux-gnueabi/lib/gcc/arm-linux-gnueabihf/6.2.1/include" -I"/home/mirel/.opt/petalinux/tools/linux-i386/gcc-arm-linux-gnueabi/lib/gcc/arm-linux-gnueabihf/6.2.1/include-fixed" -c -fmessage-length=0 -MT"src/main.o" -MMD -MP -MF"src/main.d" -MT"src/main.o" -o "src/main.o" "../src/main.cc"
../src/main.cc: In function ‘int main(int, char**)’:
../src/main.cc:30:8: warning: unused variable ‘pixels’ [-Wunused-variable]
  char* pixels;
        ^~~~~~
../src/main.cc:35:6: warning: variable ‘h’ set but not used [-Wunused-but-set-variable]
  int h, w, l;
      ^
../src/main.cc:35:9: warning: variable ‘w’ set but not used [-Wunused-but-set-variable]
  int h, w, l;
         ^
../src/main.cc:35:12: warning: variable ‘l’ set but not used [-Wunused-but-set-variable]
  int h, w, l;
            ^
Finished building: ../src/main.cc
 
Building target: opencvcarctrl.elf
Invoking: ARM v7 Linux g++ linker
arm-linux-gnueabihf-g++ -L"/home/mirel/.opt/SDK/2017.4/data/embeddedsw/ThirdParty/opencv/aarch32/lib" -L"/home/mirel/Zybo/SDCar/build/tmp/sysroots/plnx_arm/usr/lib" -L"/home/mirel/Zybo/SDCar/build/tmp/sysroots/plnx_arm/lib" --sysroot="/home/mirel/Zybo/SDCar/build/tmp/sysroots/plnx_arm" -o "opencvcarctrl.elf"  ./src/main.o   -lopencv_core -lopencv_imgcodecs -lopencv_imgproc
Finished building target: opencvcarctrl.elf
 
Invoking: ARM v7 Linux Print Size
arm-linux-gnueabihf-size opencvcarctrl.elf  |tee "opencvcarctrl.elf.size"
   text	   data	    bss	    dec	    hex	filename
   6699	    388	      4	   7091	   1bb3	opencvcarctrl.elf
Finished building: opencvcarctrl.elf.size
 
12:39:02 **** Auto Build of configuration Debug for project opencvcarctrl ****
make all 
Building file: ../src/main.cc
Invoking: ARM v7 Linux g++ compiler
arm-linux-gnueabihf-g++ -Wall -O0 -g3 -I"/home/mirel/.opt/SDK/2017.4/data/embeddedsw/ThirdParty/opencv/aarch32/include" -I"/home/mirel/Zybo/SDCar/build/tmp/sysroots/plnx_arm/usr/include" -I"/home/mirel/.opt/petalinux/tools/linux-i386/gcc-arm-linux-gnueabi/arm-linux-gnueabihf/include" -I"/home/mirel/.opt/petalinux/tools/linux-i386/gcc-arm-linux-gnueabi/arm-linux-gnueabihf/include/c++/6.2.1" -I"/home/mirel/.opt/petalinux/tools/linux-i386/gcc-arm-linux-gnueabi/arm-linux-gnueabihf/include/c++/6.2.1/arm-linux-gnueabihf" -I"/home/mirel/.opt/petalinux/tools/linux-i386/gcc-arm-linux-gnueabi/arm-linux-gnueabihf/include/c++/6.2.1/backward" -I"/home/mirel/.opt/petalinux/tools/linux-i386/gcc-arm-linux-gnueabi/arm-linux-gnueabihf/libc/usr/include" -I"/home/mirel/.opt/petalinux/tools/linux-i386/gcc-arm-linux-gnueabi/lib/gcc/arm-linux-gnueabihf/6.2.1/include" -I"/home/mirel/.opt/petalinux/tools/linux-i386/gcc-arm-linux-gnueabi/lib/gcc/arm-linux-gnueabihf/6.2.1/include-fixed" -c -fmessage-length=0 -MT"src/main.o" -MMD -MP -MF"src/main.d" -MT"src/main.o" -o "src/main.o" "../src/main.cc"
../src/main.cc: In function ‘int main(int, char**)’:
../src/main.cc:30:8: warning: unused variable ‘pixels’ [-Wunused-variable]
  char* pixels;
        ^~~~~~
../src/main.cc:35:6: warning: variable ‘h’ set but not used [-Wunused-but-set-variable]
  int h, w, l;
      ^
../src/main.cc:35:9: warning: variable ‘w’ set but not used [-Wunused-but-set-variable]
  int h, w, l;
         ^
../src/main.cc:35:12: warning: variable ‘l’ set but not used [-Wunused-but-set-variable]
  int h, w, l;
            ^
Finished building: ../src/main.cc
 
Building target: opencvcarctrl.elf
Invoking: ARM v7 Linux g++ linker
arm-linux-gnueabihf-g++ -L"/home/mirel/.opt/SDK/2017.4/data/embeddedsw/ThirdParty/opencv/aarch32/lib" -L"/home/mirel/Zybo/SDCar/build/tmp/sysroots/plnx_arm/usr/lib" -L"/home/mirel/Zybo/SDCar/build/tmp/sysroots/plnx_arm/lib" --sysroot="/home/mirel/Zybo/SDCar/build/tmp/sysroots/plnx_arm" -o "opencvcarctrl.elf"  ./src/main.o   -lopencv_core -lopencv_imgcodecs -lopencv_imgproc
Finished building target: opencvcarctrl.elf
 
Invoking: ARM v7 Linux Print Size
arm-linux-gnueabihf-size opencvcarctrl.elf  |tee "opencvcarctrl.elf.size"
   text	   data	    bss	    dec	    hex	filename
   6699	    388	      4	   7091	   1bb3	opencvcarctrl.elf
Finished building: opencvcarctrl.elf.size
 
12:40:09 **** Auto Build of configuration Debug for project opencvcarctrl ****
make all 
Building file: ../src/main.cc
Invoking: ARM v7 Linux g++ compiler
arm-linux-gnueabihf-g++ -Wall -O0 -g3 -I"/home/mirel/.opt/SDK/2017.4/data/embeddedsw/ThirdParty/opencv/aarch32/include" -I"/home/mirel/Zybo/SDCar/build/tmp/sysroots/plnx_arm/usr/include" -I"/home/mirel/.opt/petalinux/tools/linux-i386/gcc-arm-linux-gnueabi/arm-linux-gnueabihf/include" -I"/home/mirel/.opt/petalinux/tools/linux-i386/gcc-arm-linux-gnueabi/arm-linux-gnueabihf/include/c++/6.2.1" -I"/home/mirel/.opt/petalinux/tools/linux-i386/gcc-arm-linux-gnueabi/arm-linux-gnueabihf/include/c++/6.2.1/arm-linux-gnueabihf" -I"/home/mirel/.opt/petalinux/tools/linux-i386/gcc-arm-linux-gnueabi/arm-linux-gnueabihf/include/c++/6.2.1/backward" -I"/home/mirel/.opt/petalinux/tools/linux-i386/gcc-arm-linux-gnueabi/arm-linux-gnueabihf/libc/usr/include" -I"/home/mirel/.opt/petalinux/tools/linux-i386/gcc-arm-linux-gnueabi/lib/gcc/arm-linux-gnueabihf/6.2.1/include" -I"/home/mirel/.opt/petalinux/tools/linux-i386/gcc-arm-linux-gnueabi/lib/gcc/arm-linux-gnueabihf/6.2.1/include-fixed" -c -fmessage-length=0 -MT"src/main.o" -MMD -MP -MF"src/main.d" -MT"src/main.o" -o "src/main.o" "../src/main.cc"
../src/main.cc: In function ‘int main(int, char**)’:
../src/main.cc:40:17: error: invalid conversion from ‘void*’ to ‘unsigned char*’ [-fpermissive]
  pixels = malloc(h*w*l * sizeof(char));
           ~~~~~~^~~~~~~~~~~~~~~~~~~~~~
make: *** [src/main.o] Error 1
src/subdir.mk:18: recipe for target 'src/main.o' failed
12:40:23 **** Auto Build of configuration Debug for project opencvcarctrl ****
make all 
Building file: ../src/main.cc
Invoking: ARM v7 Linux g++ compiler
arm-linux-gnueabihf-g++ -Wall -O0 -g3 -I"/home/mirel/.opt/SDK/2017.4/data/embeddedsw/ThirdParty/opencv/aarch32/include" -I"/home/mirel/Zybo/SDCar/build/tmp/sysroots/plnx_arm/usr/include" -I"/home/mirel/.opt/petalinux/tools/linux-i386/gcc-arm-linux-gnueabi/arm-linux-gnueabihf/include" -I"/home/mirel/.opt/petalinux/tools/linux-i386/gcc-arm-linux-gnueabi/arm-linux-gnueabihf/include/c++/6.2.1" -I"/home/mirel/.opt/petalinux/tools/linux-i386/gcc-arm-linux-gnueabi/arm-linux-gnueabihf/include/c++/6.2.1/arm-linux-gnueabihf" -I"/home/mirel/.opt/petalinux/tools/linux-i386/gcc-arm-linux-gnueabi/arm-linux-gnueabihf/include/c++/6.2.1/backward" -I"/home/mirel/.opt/petalinux/tools/linux-i386/gcc-arm-linux-gnueabi/arm-linux-gnueabihf/libc/usr/include" -I"/home/mirel/.opt/petalinux/tools/linux-i386/gcc-arm-linux-gnueabi/lib/gcc/arm-linux-gnueabihf/6.2.1/include" -I"/home/mirel/.opt/petalinux/tools/linux-i386/gcc-arm-linux-gnueabi/lib/gcc/arm-linux-gnueabihf/6.2.1/include-fixed" -c -fmessage-length=0 -MT"src/main.o" -MMD -MP -MF"src/main.d" -MT"src/main.o" -o "src/main.o" "../src/main.cc"
../src/main.cc: In function ‘int main(int, char**)’:
../src/main.cc:40:17: error: invalid conversion from ‘void*’ to ‘unsigned char*’ [-fpermissive]
  pixels = malloc(h*w*l * sizeof(char));
           ~~~~~~^~~~~~~~~~~~~~~~~~~~~~
make: *** [src/main.o] Error 1
src/subdir.mk:18: recipe for target 'src/main.o' failed
12:40:49 **** Auto Build of configuration Debug for project opencvcarctrl ****
make all 
Building file: ../src/main.cc
Invoking: ARM v7 Linux g++ compiler
arm-linux-gnueabihf-g++ -Wall -O0 -g3 -I"/home/mirel/.opt/SDK/2017.4/data/embeddedsw/ThirdParty/opencv/aarch32/include" -I"/home/mirel/Zybo/SDCar/build/tmp/sysroots/plnx_arm/usr/include" -I"/home/mirel/.opt/petalinux/tools/linux-i386/gcc-arm-linux-gnueabi/arm-linux-gnueabihf/include" -I"/home/mirel/.opt/petalinux/tools/linux-i386/gcc-arm-linux-gnueabi/arm-linux-gnueabihf/include/c++/6.2.1" -I"/home/mirel/.opt/petalinux/tools/linux-i386/gcc-arm-linux-gnueabi/arm-linux-gnueabihf/include/c++/6.2.1/arm-linux-gnueabihf" -I"/home/mirel/.opt/petalinux/tools/linux-i386/gcc-arm-linux-gnueabi/arm-linux-gnueabihf/include/c++/6.2.1/backward" -I"/home/mirel/.opt/petalinux/tools/linux-i386/gcc-arm-linux-gnueabi/arm-linux-gnueabihf/libc/usr/include" -I"/home/mirel/.opt/petalinux/tools/linux-i386/gcc-arm-linux-gnueabi/lib/gcc/arm-linux-gnueabihf/6.2.1/include" -I"/home/mirel/.opt/petalinux/tools/linux-i386/gcc-arm-linux-gnueabi/lib/gcc/arm-linux-gnueabihf/6.2.1/include-fixed" -c -fmessage-length=0 -MT"src/main.o" -MMD -MP -MF"src/main.d" -MT"src/main.o" -o "src/main.o" "../src/main.cc"
Finished building: ../src/main.cc
 
Building target: opencvcarctrl.elf
Invoking: ARM v7 Linux g++ linker
arm-linux-gnueabihf-g++ -L"/home/mirel/.opt/SDK/2017.4/data/embeddedsw/ThirdParty/opencv/aarch32/lib" -L"/home/mirel/Zybo/SDCar/build/tmp/sysroots/plnx_arm/usr/lib" -L"/home/mirel/Zybo/SDCar/build/tmp/sysroots/plnx_arm/lib" --sysroot="/home/mirel/Zybo/SDCar/build/tmp/sysroots/plnx_arm" -o "opencvcarctrl.elf"  ./src/main.o   -lopencv_core -lopencv_imgcodecs -lopencv_imgproc
Finished building target: opencvcarctrl.elf
 
Invoking: ARM v7 Linux Print Size
arm-linux-gnueabihf-size opencvcarctrl.elf  |tee "opencvcarctrl.elf.size"
   text	   data	    bss	    dec	    hex	filename
   6872	    396	      4	   7272	   1c68	opencvcarctrl.elf
Finished building: opencvcarctrl.elf.size
 
12:41:10 **** Auto Build of configuration Debug for project opencvcarctrl ****
make all 
Building file: ../src/main.cc
Invoking: ARM v7 Linux g++ compiler
arm-linux-gnueabihf-g++ -Wall -O0 -g3 -I"/home/mirel/.opt/SDK/2017.4/data/embeddedsw/ThirdParty/opencv/aarch32/include" -I"/home/mirel/Zybo/SDCar/build/tmp/sysroots/plnx_arm/usr/include" -I"/home/mirel/.opt/petalinux/tools/linux-i386/gcc-arm-linux-gnueabi/arm-linux-gnueabihf/include" -I"/home/mirel/.opt/petalinux/tools/linux-i386/gcc-arm-linux-gnueabi/arm-linux-gnueabihf/include/c++/6.2.1" -I"/home/mirel/.opt/petalinux/tools/linux-i386/gcc-arm-linux-gnueabi/arm-linux-gnueabihf/include/c++/6.2.1/arm-linux-gnueabihf" -I"/home/mirel/.opt/petalinux/tools/linux-i386/gcc-arm-linux-gnueabi/arm-linux-gnueabihf/include/c++/6.2.1/backward" -I"/home/mirel/.opt/petalinux/tools/linux-i386/gcc-arm-linux-gnueabi/arm-linux-gnueabihf/libc/usr/include" -I"/home/mirel/.opt/petalinux/tools/linux-i386/gcc-arm-linux-gnueabi/lib/gcc/arm-linux-gnueabihf/6.2.1/include" -I"/home/mirel/.opt/petalinux/tools/linux-i386/gcc-arm-linux-gnueabi/lib/gcc/arm-linux-gnueabihf/6.2.1/include-fixed" -c -fmessage-length=0 -MT"src/main.o" -MMD -MP -MF"src/main.d" -MT"src/main.o" -o "src/main.o" "../src/main.cc"
../src/main.cc: In function ‘int main(int, char**)’:
../src/main.cc:44:1: error: expected ‘;’ before ‘fread’
 fread(pixels, 1, h * w * l, in);
 ^~~~~
../src/main.cc:44:32: warning: statement has no effect [-Wunused-value]
 fread(pixels, 1, h * w * l, in);
                                ^
../src/main.cc:28:8: warning: unused variable ‘imageName’ [-Wunused-variable]
  char* imageName = argv[1];
        ^~~~~~~~~
make: *** [src/main.o] Error 1
src/subdir.mk:18: recipe for target 'src/main.o' failed
12:42:45 **** Auto Build of configuration Debug for project opencvcarctrl ****
make all 
Building file: ../src/main.cc
Invoking: ARM v7 Linux g++ compiler
arm-linux-gnueabihf-g++ -Wall -O0 -g3 -I"/home/mirel/.opt/SDK/2017.4/data/embeddedsw/ThirdParty/opencv/aarch32/include" -I"/home/mirel/Zybo/SDCar/build/tmp/sysroots/plnx_arm/usr/include" -I"/home/mirel/.opt/petalinux/tools/linux-i386/gcc-arm-linux-gnueabi/arm-linux-gnueabihf/include" -I"/home/mirel/.opt/petalinux/tools/linux-i386/gcc-arm-linux-gnueabi/arm-linux-gnueabihf/include/c++/6.2.1" -I"/home/mirel/.opt/petalinux/tools/linux-i386/gcc-arm-linux-gnueabi/arm-linux-gnueabihf/include/c++/6.2.1/arm-linux-gnueabihf" -I"/home/mirel/.opt/petalinux/tools/linux-i386/gcc-arm-linux-gnueabi/arm-linux-gnueabihf/include/c++/6.2.1/backward" -I"/home/mirel/.opt/petalinux/tools/linux-i386/gcc-arm-linux-gnueabi/arm-linux-gnueabihf/libc/usr/include" -I"/home/mirel/.opt/petalinux/tools/linux-i386/gcc-arm-linux-gnueabi/lib/gcc/arm-linux-gnueabihf/6.2.1/include" -I"/home/mirel/.opt/petalinux/tools/linux-i386/gcc-arm-linux-gnueabi/lib/gcc/arm-linux-gnueabihf/6.2.1/include-fixed" -c -fmessage-length=0 -MT"src/main.o" -MMD -MP -MF"src/main.d" -MT"src/main.o" -o "src/main.o" "../src/main.cc"
../src/main.cc: In function ‘int main(int, char**)’:
../src/main.cc:28:8: warning: unused variable ‘imageName’ [-Wunused-variable]
  char* imageName = argv[1];
        ^~~~~~~~~
Finished building: ../src/main.cc
 
Building target: opencvcarctrl.elf
Invoking: ARM v7 Linux g++ linker
arm-linux-gnueabihf-g++ -L"/home/mirel/.opt/SDK/2017.4/data/embeddedsw/ThirdParty/opencv/aarch32/lib" -L"/home/mirel/Zybo/SDCar/build/tmp/sysroots/plnx_arm/usr/lib" -L"/home/mirel/Zybo/SDCar/build/tmp/sysroots/plnx_arm/lib" --sysroot="/home/mirel/Zybo/SDCar/build/tmp/sysroots/plnx_arm" -o "opencvcarctrl.elf"  ./src/main.o   -lopencv_core -lopencv_imgcodecs -lopencv_imgproc
Finished building target: opencvcarctrl.elf
 
Invoking: ARM v7 Linux Print Size
arm-linux-gnueabihf-size opencvcarctrl.elf  |tee "opencvcarctrl.elf.size"
   text	   data	    bss	    dec	    hex	filename
   8365	    400	      4	   8769	   2241	opencvcarctrl.elf
Finished building: opencvcarctrl.elf.size
 
12:42:53 **** Auto Build of configuration Debug for project opencvcarctrl ****
make all 
Building file: ../src/main.cc
Invoking: ARM v7 Linux g++ compiler
arm-linux-gnueabihf-g++ -Wall -O0 -g3 -I"/home/mirel/.opt/SDK/2017.4/data/embeddedsw/ThirdParty/opencv/aarch32/include" -I"/home/mirel/Zybo/SDCar/build/tmp/sysroots/plnx_arm/usr/include" -I"/home/mirel/.opt/petalinux/tools/linux-i386/gcc-arm-linux-gnueabi/arm-linux-gnueabihf/include" -I"/home/mirel/.opt/petalinux/tools/linux-i386/gcc-arm-linux-gnueabi/arm-linux-gnueabihf/include/c++/6.2.1" -I"/home/mirel/.opt/petalinux/tools/linux-i386/gcc-arm-linux-gnueabi/arm-linux-gnueabihf/include/c++/6.2.1/arm-linux-gnueabihf" -I"/home/mirel/.opt/petalinux/tools/linux-i386/gcc-arm-linux-gnueabi/arm-linux-gnueabihf/include/c++/6.2.1/backward" -I"/home/mirel/.opt/petalinux/tools/linux-i386/gcc-arm-linux-gnueabi/arm-linux-gnueabihf/libc/usr/include" -I"/home/mirel/.opt/petalinux/tools/linux-i386/gcc-arm-linux-gnueabi/lib/gcc/arm-linux-gnueabihf/6.2.1/include" -I"/home/mirel/.opt/petalinux/tools/linux-i386/gcc-arm-linux-gnueabi/lib/gcc/arm-linux-gnueabihf/6.2.1/include-fixed" -c -fmessage-length=0 -MT"src/main.o" -MMD -MP -MF"src/main.d" -MT"src/main.o" -o "src/main.o" "../src/main.cc"
../src/main.cc: In function ‘int main(int, char**)’:
../src/main.cc:28:8: warning: unused variable ‘imageName’ [-Wunused-variable]
  char* imageName = argv[1];
        ^~~~~~~~~
Finished building: ../src/main.cc
 
Building target: opencvcarctrl.elf
Invoking: ARM v7 Linux g++ linker
arm-linux-gnueabihf-g++ -L"/home/mirel/.opt/SDK/2017.4/data/embeddedsw/ThirdParty/opencv/aarch32/lib" -L"/home/mirel/Zybo/SDCar/build/tmp/sysroots/plnx_arm/usr/lib" -L"/home/mirel/Zybo/SDCar/build/tmp/sysroots/plnx_arm/lib" --sysroot="/home/mirel/Zybo/SDCar/build/tmp/sysroots/plnx_arm" -o "opencvcarctrl.elf"  ./src/main.o   -lopencv_core -lopencv_imgcodecs -lopencv_imgproc
Finished building target: opencvcarctrl.elf
 
Invoking: ARM v7 Linux Print Size
arm-linux-gnueabihf-size opencvcarctrl.elf  |tee "opencvcarctrl.elf.size"
   text	   data	    bss	    dec	    hex	filename
   8365	    400	      4	   8769	   2241	opencvcarctrl.elf
Finished building: opencvcarctrl.elf.size
 
12:43:08 **** Auto Build of configuration Debug for project opencvcarctrl ****
make all 
Building file: ../src/main.cc
Invoking: ARM v7 Linux g++ compiler
arm-linux-gnueabihf-g++ -Wall -O0 -g3 -I"/home/mirel/.opt/SDK/2017.4/data/embeddedsw/ThirdParty/opencv/aarch32/include" -I"/home/mirel/Zybo/SDCar/build/tmp/sysroots/plnx_arm/usr/include" -I"/home/mirel/.opt/petalinux/tools/linux-i386/gcc-arm-linux-gnueabi/arm-linux-gnueabihf/include" -I"/home/mirel/.opt/petalinux/tools/linux-i386/gcc-arm-linux-gnueabi/arm-linux-gnueabihf/include/c++/6.2.1" -I"/home/mirel/.opt/petalinux/tools/linux-i386/gcc-arm-linux-gnueabi/arm-linux-gnueabihf/include/c++/6.2.1/arm-linux-gnueabihf" -I"/home/mirel/.opt/petalinux/tools/linux-i386/gcc-arm-linux-gnueabi/arm-linux-gnueabihf/include/c++/6.2.1/backward" -I"/home/mirel/.opt/petalinux/tools/linux-i386/gcc-arm-linux-gnueabi/arm-linux-gnueabihf/libc/usr/include" -I"/home/mirel/.opt/petalinux/tools/linux-i386/gcc-arm-linux-gnueabi/lib/gcc/arm-linux-gnueabihf/6.2.1/include" -I"/home/mirel/.opt/petalinux/tools/linux-i386/gcc-arm-linux-gnueabi/lib/gcc/arm-linux-gnueabihf/6.2.1/include-fixed" -c -fmessage-length=0 -MT"src/main.o" -MMD -MP -MF"src/main.d" -MT"src/main.o" -o "src/main.o" "../src/main.cc"
../src/main.cc: In function ‘int main(int, char**)’:
../src/main.cc:28:8: warning: unused variable ‘imageName’ [-Wunused-variable]
  char* imageName = argv[1];
        ^~~~~~~~~
Finished building: ../src/main.cc
 
Building target: opencvcarctrl.elf
Invoking: ARM v7 Linux g++ linker
arm-linux-gnueabihf-g++ -L"/home/mirel/.opt/SDK/2017.4/data/embeddedsw/ThirdParty/opencv/aarch32/lib" -L"/home/mirel/Zybo/SDCar/build/tmp/sysroots/plnx_arm/usr/lib" -L"/home/mirel/Zybo/SDCar/build/tmp/sysroots/plnx_arm/lib" --sysroot="/home/mirel/Zybo/SDCar/build/tmp/sysroots/plnx_arm" -o "opencvcarctrl.elf"  ./src/main.o   -lopencv_core -lopencv_imgcodecs -lopencv_imgproc
Finished building target: opencvcarctrl.elf
 
Invoking: ARM v7 Linux Print Size
arm-linux-gnueabihf-size opencvcarctrl.elf  |tee "opencvcarctrl.elf.size"
   text	   data	    bss	    dec	    hex	filename
   8349	    400	      4	   8753	   2231	opencvcarctrl.elf
Finished building: opencvcarctrl.elf.size
 
12:58:25 **** Auto Build of configuration Debug for project opencvcarctrl ****
make all 
Building file: ../src/main.cc
Invoking: ARM v7 Linux g++ compiler
arm-linux-gnueabihf-g++ -Wall -O0 -g3 -I"/home/mirel/.opt/SDK/2017.4/data/embeddedsw/ThirdParty/opencv/aarch32/include" -I"/home/mirel/Zybo/SDCar/build/tmp/sysroots/plnx_arm/usr/include" -I"/home/mirel/.opt/petalinux/tools/linux-i386/gcc-arm-linux-gnueabi/arm-linux-gnueabihf/include" -I"/home/mirel/.opt/petalinux/tools/linux-i386/gcc-arm-linux-gnueabi/arm-linux-gnueabihf/include/c++/6.2.1" -I"/home/mirel/.opt/petalinux/tools/linux-i386/gcc-arm-linux-gnueabi/arm-linux-gnueabihf/include/c++/6.2.1/arm-linux-gnueabihf" -I"/home/mirel/.opt/petalinux/tools/linux-i386/gcc-arm-linux-gnueabi/arm-linux-gnueabihf/include/c++/6.2.1/backward" -I"/home/mirel/.opt/petalinux/tools/linux-i386/gcc-arm-linux-gnueabi/arm-linux-gnueabihf/libc/usr/include" -I"/home/mirel/.opt/petalinux/tools/linux-i386/gcc-arm-linux-gnueabi/lib/gcc/arm-linux-gnueabihf/6.2.1/include" -I"/home/mirel/.opt/petalinux/tools/linux-i386/gcc-arm-linux-gnueabi/lib/gcc/arm-linux-gnueabihf/6.2.1/include-fixed" -c -fmessage-length=0 -MT"src/main.o" -MMD -MP -MF"src/main.d" -MT"src/main.o" -o "src/main.o" "../src/main.cc"
Finished building: ../src/main.cc
 
Building target: opencvcarctrl.elf
Invoking: ARM v7 Linux g++ linker
arm-linux-gnueabihf-g++ -L"/home/mirel/.opt/SDK/2017.4/data/embeddedsw/ThirdParty/opencv/aarch32/lib" -L"/home/mirel/Zybo/SDCar/build/tmp/sysroots/plnx_arm/usr/lib" -L"/home/mirel/Zybo/SDCar/build/tmp/sysroots/plnx_arm/lib" --sysroot="/home/mirel/Zybo/SDCar/build/tmp/sysroots/plnx_arm" -o "opencvcarctrl.elf"  ./src/main.o   -lopencv_core -lopencv_imgcodecs -lopencv_imgproc
Finished building target: opencvcarctrl.elf
 
Invoking: ARM v7 Linux Print Size
arm-linux-gnueabihf-size opencvcarctrl.elf  |tee "opencvcarctrl.elf.size"
   text	   data	    bss	    dec	    hex	filename
   8216	    396	      4	   8616	   21a8	opencvcarctrl.elf
Finished building: opencvcarctrl.elf.size
 
12:59:59 **** Auto Build of configuration Debug for project opencvcarctrl ****
make all 
Building file: ../src/main.cc
Invoking: ARM v7 Linux g++ compiler
arm-linux-gnueabihf-g++ -Wall -O0 -g3 -I"/home/mirel/.opt/SDK/2017.4/data/embeddedsw/ThirdParty/opencv/aarch32/include" -I"/home/mirel/Zybo/SDCar/build/tmp/sysroots/plnx_arm/usr/include" -I"/home/mirel/.opt/petalinux/tools/linux-i386/gcc-arm-linux-gnueabi/arm-linux-gnueabihf/include" -I"/home/mirel/.opt/petalinux/tools/linux-i386/gcc-arm-linux-gnueabi/arm-linux-gnueabihf/include/c++/6.2.1" -I"/home/mirel/.opt/petalinux/tools/linux-i386/gcc-arm-linux-gnueabi/arm-linux-gnueabihf/include/c++/6.2.1/arm-linux-gnueabihf" -I"/home/mirel/.opt/petalinux/tools/linux-i386/gcc-arm-linux-gnueabi/arm-linux-gnueabihf/include/c++/6.2.1/backward" -I"/home/mirel/.opt/petalinux/tools/linux-i386/gcc-arm-linux-gnueabi/arm-linux-gnueabihf/libc/usr/include" -I"/home/mirel/.opt/petalinux/tools/linux-i386/gcc-arm-linux-gnueabi/lib/gcc/arm-linux-gnueabihf/6.2.1/include" -I"/home/mirel/.opt/petalinux/tools/linux-i386/gcc-arm-linux-gnueabi/lib/gcc/arm-linux-gnueabihf/6.2.1/include-fixed" -c -fmessage-length=0 -MT"src/main.o" -MMD -MP -MF"src/main.d" -MT"src/main.o" -o "src/main.o" "../src/main.cc"
Finished building: ../src/main.cc
 
Building target: opencvcarctrl.elf
Invoking: ARM v7 Linux g++ linker
arm-linux-gnueabihf-g++ -L"/home/mirel/.opt/SDK/2017.4/data/embeddedsw/ThirdParty/opencv/aarch32/lib" -L"/home/mirel/Zybo/SDCar/build/tmp/sysroots/plnx_arm/usr/lib" -L"/home/mirel/Zybo/SDCar/build/tmp/sysroots/plnx_arm/lib" --sysroot="/home/mirel/Zybo/SDCar/build/tmp/sysroots/plnx_arm" -o "opencvcarctrl.elf"  ./src/main.o   -lopencv_core -lopencv_imgcodecs -lopencv_imgproc
Finished building target: opencvcarctrl.elf
 
Invoking: ARM v7 Linux Print Size
arm-linux-gnueabihf-size opencvcarctrl.elf  |tee "opencvcarctrl.elf.size"
   text	   data	    bss	    dec	    hex	filename
   7472	    396	      4	   7872	   1ec0	opencvcarctrl.elf
Finished building: opencvcarctrl.elf.size
 
13:00:29 **** Auto Build of configuration Debug for project opencvcarctrl ****
make all 
Building file: ../src/main.cc
Invoking: ARM v7 Linux g++ compiler
arm-linux-gnueabihf-g++ -Wall -O0 -g3 -I"/home/mirel/.opt/SDK/2017.4/data/embeddedsw/ThirdParty/opencv/aarch32/include" -I"/home/mirel/Zybo/SDCar/build/tmp/sysroots/plnx_arm/usr/include" -I"/home/mirel/.opt/petalinux/tools/linux-i386/gcc-arm-linux-gnueabi/arm-linux-gnueabihf/include" -I"/home/mirel/.opt/petalinux/tools/linux-i386/gcc-arm-linux-gnueabi/arm-linux-gnueabihf/include/c++/6.2.1" -I"/home/mirel/.opt/petalinux/tools/linux-i386/gcc-arm-linux-gnueabi/arm-linux-gnueabihf/include/c++/6.2.1/arm-linux-gnueabihf" -I"/home/mirel/.opt/petalinux/tools/linux-i386/gcc-arm-linux-gnueabi/arm-linux-gnueabihf/include/c++/6.2.1/backward" -I"/home/mirel/.opt/petalinux/tools/linux-i386/gcc-arm-linux-gnueabi/arm-linux-gnueabihf/libc/usr/include" -I"/home/mirel/.opt/petalinux/tools/linux-i386/gcc-arm-linux-gnueabi/lib/gcc/arm-linux-gnueabihf/6.2.1/include" -I"/home/mirel/.opt/petalinux/tools/linux-i386/gcc-arm-linux-gnueabi/lib/gcc/arm-linux-gnueabihf/6.2.1/include-fixed" -c -fmessage-length=0 -MT"src/main.o" -MMD -MP -MF"src/main.d" -MT"src/main.o" -o "src/main.o" "../src/main.cc"
Finished building: ../src/main.cc
 
Building target: opencvcarctrl.elf
Invoking: ARM v7 Linux g++ linker
arm-linux-gnueabihf-g++ -L"/home/mirel/.opt/SDK/2017.4/data/embeddedsw/ThirdParty/opencv/aarch32/lib" -L"/home/mirel/Zybo/SDCar/build/tmp/sysroots/plnx_arm/usr/lib" -L"/home/mirel/Zybo/SDCar/build/tmp/sysroots/plnx_arm/lib" --sysroot="/home/mirel/Zybo/SDCar/build/tmp/sysroots/plnx_arm" -o "opencvcarctrl.elf"  ./src/main.o   -lopencv_core -lopencv_imgcodecs -lopencv_imgproc
Finished building target: opencvcarctrl.elf
 
Invoking: ARM v7 Linux Print Size
arm-linux-gnueabihf-size opencvcarctrl.elf  |tee "opencvcarctrl.elf.size"
   text	   data	    bss	    dec	    hex	filename
   7472	    396	      4	   7872	   1ec0	opencvcarctrl.elf
Finished building: opencvcarctrl.elf.size
 
13:00:50 **** Auto Build of configuration Debug for project opencvcarctrl ****
make all 
Building file: ../src/main.cc
Invoking: ARM v7 Linux g++ compiler
arm-linux-gnueabihf-g++ -Wall -O0 -g3 -I"/home/mirel/.opt/SDK/2017.4/data/embeddedsw/ThirdParty/opencv/aarch32/include" -I"/home/mirel/Zybo/SDCar/build/tmp/sysroots/plnx_arm/usr/include" -I"/home/mirel/.opt/petalinux/tools/linux-i386/gcc-arm-linux-gnueabi/arm-linux-gnueabihf/include" -I"/home/mirel/.opt/petalinux/tools/linux-i386/gcc-arm-linux-gnueabi/arm-linux-gnueabihf/include/c++/6.2.1" -I"/home/mirel/.opt/petalinux/tools/linux-i386/gcc-arm-linux-gnueabi/arm-linux-gnueabihf/include/c++/6.2.1/arm-linux-gnueabihf" -I"/home/mirel/.opt/petalinux/tools/linux-i386/gcc-arm-linux-gnueabi/arm-linux-gnueabihf/include/c++/6.2.1/backward" -I"/home/mirel/.opt/petalinux/tools/linux-i386/gcc-arm-linux-gnueabi/arm-linux-gnueabihf/libc/usr/include" -I"/home/mirel/.opt/petalinux/tools/linux-i386/gcc-arm-linux-gnueabi/lib/gcc/arm-linux-gnueabihf/6.2.1/include" -I"/home/mirel/.opt/petalinux/tools/linux-i386/gcc-arm-linux-gnueabi/lib/gcc/arm-linux-gnueabihf/6.2.1/include-fixed" -c -fmessage-length=0 -MT"src/main.o" -MMD -MP -MF"src/main.d" -MT"src/main.o" -o "src/main.o" "../src/main.cc"
Finished building: ../src/main.cc
 
Building target: opencvcarctrl.elf
Invoking: ARM v7 Linux g++ linker
arm-linux-gnueabihf-g++ -L"/home/mirel/.opt/SDK/2017.4/data/embeddedsw/ThirdParty/opencv/aarch32/lib" -L"/home/mirel/Zybo/SDCar/build/tmp/sysroots/plnx_arm/usr/lib" -L"/home/mirel/Zybo/SDCar/build/tmp/sysroots/plnx_arm/lib" --sysroot="/home/mirel/Zybo/SDCar/build/tmp/sysroots/plnx_arm" -o "opencvcarctrl.elf"  ./src/main.o   -lopencv_core -lopencv_imgcodecs -lopencv_imgproc
Finished building target: opencvcarctrl.elf
 
Invoking: ARM v7 Linux Print Size
arm-linux-gnueabihf-size opencvcarctrl.elf  |tee "opencvcarctrl.elf.size"
   text	   data	    bss	    dec	    hex	filename
   6996	    392	      4	   7392	   1ce0	opencvcarctrl.elf
Finished building: opencvcarctrl.elf.size
 
13:01:03 **** Auto Build of configuration Debug for project opencvcarctrl ****
make all 
Building file: ../src/main.cc
Invoking: ARM v7 Linux g++ compiler
arm-linux-gnueabihf-g++ -Wall -O0 -g3 -I"/home/mirel/.opt/SDK/2017.4/data/embeddedsw/ThirdParty/opencv/aarch32/include" -I"/home/mirel/Zybo/SDCar/build/tmp/sysroots/plnx_arm/usr/include" -I"/home/mirel/.opt/petalinux/tools/linux-i386/gcc-arm-linux-gnueabi/arm-linux-gnueabihf/include" -I"/home/mirel/.opt/petalinux/tools/linux-i386/gcc-arm-linux-gnueabi/arm-linux-gnueabihf/include/c++/6.2.1" -I"/home/mirel/.opt/petalinux/tools/linux-i386/gcc-arm-linux-gnueabi/arm-linux-gnueabihf/include/c++/6.2.1/arm-linux-gnueabihf" -I"/home/mirel/.opt/petalinux/tools/linux-i386/gcc-arm-linux-gnueabi/arm-linux-gnueabihf/include/c++/6.2.1/backward" -I"/home/mirel/.opt/petalinux/tools/linux-i386/gcc-arm-linux-gnueabi/arm-linux-gnueabihf/libc/usr/include" -I"/home/mirel/.opt/petalinux/tools/linux-i386/gcc-arm-linux-gnueabi/lib/gcc/arm-linux-gnueabihf/6.2.1/include" -I"/home/mirel/.opt/petalinux/tools/linux-i386/gcc-arm-linux-gnueabi/lib/gcc/arm-linux-gnueabihf/6.2.1/include-fixed" -c -fmessage-length=0 -MT"src/main.o" -MMD -MP -MF"src/main.d" -MT"src/main.o" -o "src/main.o" "../src/main.cc"
Finished building: ../src/main.cc
 
Building target: opencvcarctrl.elf
Invoking: ARM v7 Linux g++ linker
arm-linux-gnueabihf-g++ -L"/home/mirel/.opt/SDK/2017.4/data/embeddedsw/ThirdParty/opencv/aarch32/lib" -L"/home/mirel/Zybo/SDCar/build/tmp/sysroots/plnx_arm/usr/lib" -L"/home/mirel/Zybo/SDCar/build/tmp/sysroots/plnx_arm/lib" --sysroot="/home/mirel/Zybo/SDCar/build/tmp/sysroots/plnx_arm" -o "opencvcarctrl.elf"  ./src/main.o   -lopencv_core -lopencv_imgcodecs -lopencv_imgproc
Finished building target: opencvcarctrl.elf
 
Invoking: ARM v7 Linux Print Size
arm-linux-gnueabihf-size opencvcarctrl.elf  |tee "opencvcarctrl.elf.size"
   text	   data	    bss	    dec	    hex	filename
   6996	    392	      4	   7392	   1ce0	opencvcarctrl.elf
Finished building: opencvcarctrl.elf.size
 
13:04:04 **** Auto Build of configuration Debug for project opencvcarctrl ****
make all 
Building file: ../src/main.cc
Invoking: ARM v7 Linux g++ compiler
arm-linux-gnueabihf-g++ -Wall -O0 -g3 -I"/home/mirel/.opt/SDK/2017.4/data/embeddedsw/ThirdParty/opencv/aarch32/include" -I"/home/mirel/Zybo/SDCar/build/tmp/sysroots/plnx_arm/usr/include" -I"/home/mirel/.opt/petalinux/tools/linux-i386/gcc-arm-linux-gnueabi/arm-linux-gnueabihf/include" -I"/home/mirel/.opt/petalinux/tools/linux-i386/gcc-arm-linux-gnueabi/arm-linux-gnueabihf/include/c++/6.2.1" -I"/home/mirel/.opt/petalinux/tools/linux-i386/gcc-arm-linux-gnueabi/arm-linux-gnueabihf/include/c++/6.2.1/arm-linux-gnueabihf" -I"/home/mirel/.opt/petalinux/tools/linux-i386/gcc-arm-linux-gnueabi/arm-linux-gnueabihf/include/c++/6.2.1/backward" -I"/home/mirel/.opt/petalinux/tools/linux-i386/gcc-arm-linux-gnueabi/arm-linux-gnueabihf/libc/usr/include" -I"/home/mirel/.opt/petalinux/tools/linux-i386/gcc-arm-linux-gnueabi/lib/gcc/arm-linux-gnueabihf/6.2.1/include" -I"/home/mirel/.opt/petalinux/tools/linux-i386/gcc-arm-linux-gnueabi/lib/gcc/arm-linux-gnueabihf/6.2.1/include-fixed" -c -fmessage-length=0 -MT"src/main.o" -MMD -MP -MF"src/main.d" -MT"src/main.o" -o "src/main.o" "../src/main.cc"
../src/main.cc: In function ‘int main(int, char**)’:
../src/main.cc:54:2: error: ‘vector’ was not declared in this scope
  vector<int> compression_params;
  ^~~~~~
../src/main.cc:54:2: note: suggested alternative:
In file included from /home/mirel/.opt/petalinux/tools/linux-i386/gcc-arm-linux-gnueabi/arm-linux-gnueabihf/include/c++/6.2.1/vector:64:0,
                 from /home/mirel/.opt/SDK/2017.4/data/embeddedsw/ThirdParty/opencv/aarch32/include/opencv2/core/types.hpp:53,
                 from /home/mirel/.opt/SDK/2017.4/data/embeddedsw/ThirdParty/opencv/aarch32/include/opencv2/core.hpp:58,
                 from ../src/main.cc:1:
/home/mirel/.opt/petalinux/tools/linux-i386/gcc-arm-linux-gnueabi/arm-linux-gnueabihf/include/c++/6.2.1/bits/stl_vector.h:214:11: note:   ‘std::vector’
     class vector : protected _Vector_base<_Tp, _Alloc>
           ^~~~~~
../src/main.cc:54:9: error: expected primary-expression before ‘int’
  vector<int> compression_params;
         ^~~
../src/main.cc:55:6: error: ‘compression_params’ was not declared in this scope
      compression_params.push_back(CV_IMWRITE_PNG_COMPRESSION);
      ^~~~~~~~~~~~~~~~~~
../src/main.cc:55:35: error: ‘CV_IMWRITE_PNG_COMPRESSION’ was not declared in this scope
      compression_params.push_back(CV_IMWRITE_PNG_COMPRESSION);
                                   ^~~~~~~~~~~~~~~~~~~~~~~~~~
../src/main.cc:59:30: error: ‘mat’ was not declared in this scope
          imwrite("gray.png", mat, compression_params);
                              ^~~
../src/main.cc:61:13: error: ‘runtime_error’ does not name a type
      catch (runtime_error& ex) {
             ^~~~~~~~~~~~~
../src/main.cc:62:76: error: ‘ex’ was not declared in this scope
          fprintf(stderr, "Exception converting image to PNG format: %s\n", ex.what());
                                                                            ^~
make: *** [src/main.o] Error 1
src/subdir.mk:18: recipe for target 'src/main.o' failed
13:04:24 **** Auto Build of configuration Debug for project opencvcarctrl ****
make all 
Building file: ../src/main.cc
Invoking: ARM v7 Linux g++ compiler
arm-linux-gnueabihf-g++ -Wall -O0 -g3 -I"/home/mirel/.opt/SDK/2017.4/data/embeddedsw/ThirdParty/opencv/aarch32/include" -I"/home/mirel/Zybo/SDCar/build/tmp/sysroots/plnx_arm/usr/include" -I"/home/mirel/.opt/petalinux/tools/linux-i386/gcc-arm-linux-gnueabi/arm-linux-gnueabihf/include" -I"/home/mirel/.opt/petalinux/tools/linux-i386/gcc-arm-linux-gnueabi/arm-linux-gnueabihf/include/c++/6.2.1" -I"/home/mirel/.opt/petalinux/tools/linux-i386/gcc-arm-linux-gnueabi/arm-linux-gnueabihf/include/c++/6.2.1/arm-linux-gnueabihf" -I"/home/mirel/.opt/petalinux/tools/linux-i386/gcc-arm-linux-gnueabi/arm-linux-gnueabihf/include/c++/6.2.1/backward" -I"/home/mirel/.opt/petalinux/tools/linux-i386/gcc-arm-linux-gnueabi/arm-linux-gnueabihf/libc/usr/include" -I"/home/mirel/.opt/petalinux/tools/linux-i386/gcc-arm-linux-gnueabi/lib/gcc/arm-linux-gnueabihf/6.2.1/include" -I"/home/mirel/.opt/petalinux/tools/linux-i386/gcc-arm-linux-gnueabi/lib/gcc/arm-linux-gnueabihf/6.2.1/include-fixed" -c -fmessage-length=0 -MT"src/main.o" -MMD -MP -MF"src/main.d" -MT"src/main.o" -o "src/main.o" "../src/main.cc"
../src/main.cc: In function ‘int main(int, char**)’:
../src/main.cc:57:35: error: ‘CV_IMWRITE_PNG_COMPRESSION’ was not declared in this scope
      compression_params.push_back(CV_IMWRITE_PNG_COMPRESSION);
                                   ^~~~~~~~~~~~~~~~~~~~~~~~~~
../src/main.cc:61:30: error: ‘mat’ was not declared in this scope
          imwrite("gray.png", mat, compression_params);
                              ^~~
src/subdir.mk:18: recipe for target 'src/main.o' failed
make: *** [src/main.o] Error 1
13:04:50 **** Auto Build of configuration Debug for project opencvcarctrl ****
make all 
Building file: ../src/main.cc
Invoking: ARM v7 Linux g++ compiler
arm-linux-gnueabihf-g++ -Wall -O0 -g3 -I"/home/mirel/.opt/SDK/2017.4/data/embeddedsw/ThirdParty/opencv/aarch32/include" -I"/home/mirel/Zybo/SDCar/build/tmp/sysroots/plnx_arm/usr/include" -I"/home/mirel/.opt/petalinux/tools/linux-i386/gcc-arm-linux-gnueabi/arm-linux-gnueabihf/include" -I"/home/mirel/.opt/petalinux/tools/linux-i386/gcc-arm-linux-gnueabi/arm-linux-gnueabihf/include/c++/6.2.1" -I"/home/mirel/.opt/petalinux/tools/linux-i386/gcc-arm-linux-gnueabi/arm-linux-gnueabihf/include/c++/6.2.1/arm-linux-gnueabihf" -I"/home/mirel/.opt/petalinux/tools/linux-i386/gcc-arm-linux-gnueabi/arm-linux-gnueabihf/include/c++/6.2.1/backward" -I"/home/mirel/.opt/petalinux/tools/linux-i386/gcc-arm-linux-gnueabi/arm-linux-gnueabihf/libc/usr/include" -I"/home/mirel/.opt/petalinux/tools/linux-i386/gcc-arm-linux-gnueabi/lib/gcc/arm-linux-gnueabihf/6.2.1/include" -I"/home/mirel/.opt/petalinux/tools/linux-i386/gcc-arm-linux-gnueabi/lib/gcc/arm-linux-gnueabihf/6.2.1/include-fixed" -c -fmessage-length=0 -MT"src/main.o" -MMD -MP -MF"src/main.d" -MT"src/main.o" -o "src/main.o" "../src/main.cc"
../src/main.cc: In function ‘int main(int, char**)’:
../src/main.cc:58:35: error: ‘CV_IMWRITE_PNG_COMPRESSION’ was not declared in this scope
      compression_params.push_back(CV_IMWRITE_PNG_COMPRESSION);
                                   ^~~~~~~~~~~~~~~~~~~~~~~~~~
../src/main.cc:62:30: error: ‘mat’ was not declared in this scope
          imwrite("gray.png", mat, compression_params);
                              ^~~
make: *** [src/main.o] Error 1
src/subdir.mk:18: recipe for target 'src/main.o' failed
13:05:02 **** Auto Build of configuration Debug for project opencvcarctrl ****
make all 
Building file: ../src/main.cc
Invoking: ARM v7 Linux g++ compiler
arm-linux-gnueabihf-g++ -Wall -O0 -g3 -I"/home/mirel/.opt/SDK/2017.4/data/embeddedsw/ThirdParty/opencv/aarch32/include" -I"/home/mirel/Zybo/SDCar/build/tmp/sysroots/plnx_arm/usr/include" -I"/home/mirel/.opt/petalinux/tools/linux-i386/gcc-arm-linux-gnueabi/arm-linux-gnueabihf/include" -I"/home/mirel/.opt/petalinux/tools/linux-i386/gcc-arm-linux-gnueabi/arm-linux-gnueabihf/include/c++/6.2.1" -I"/home/mirel/.opt/petalinux/tools/linux-i386/gcc-arm-linux-gnueabi/arm-linux-gnueabihf/include/c++/6.2.1/arm-linux-gnueabihf" -I"/home/mirel/.opt/petalinux/tools/linux-i386/gcc-arm-linux-gnueabi/arm-linux-gnueabihf/include/c++/6.2.1/backward" -I"/home/mirel/.opt/petalinux/tools/linux-i386/gcc-arm-linux-gnueabi/arm-linux-gnueabihf/libc/usr/include" -I"/home/mirel/.opt/petalinux/tools/linux-i386/gcc-arm-linux-gnueabi/lib/gcc/arm-linux-gnueabihf/6.2.1/include" -I"/home/mirel/.opt/petalinux/tools/linux-i386/gcc-arm-linux-gnueabi/lib/gcc/arm-linux-gnueabihf/6.2.1/include-fixed" -c -fmessage-length=0 -MT"src/main.o" -MMD -MP -MF"src/main.d" -MT"src/main.o" -o "src/main.o" "../src/main.cc"
../src/main.cc: In function ‘int main(int, char**)’:
../src/main.cc:63:30: error: ‘mat’ was not declared in this scope
          imwrite("gray.png", mat, compression_params);
                              ^~~
src/subdir.mk:18: recipe for target 'src/main.o' failed
make: *** [src/main.o] Error 1
13:05:13 **** Auto Build of configuration Debug for project opencvcarctrl ****
make all 
Building file: ../src/main.cc
Invoking: ARM v7 Linux g++ compiler
arm-linux-gnueabihf-g++ -Wall -O0 -g3 -I"/home/mirel/.opt/SDK/2017.4/data/embeddedsw/ThirdParty/opencv/aarch32/include" -I"/home/mirel/Zybo/SDCar/build/tmp/sysroots/plnx_arm/usr/include" -I"/home/mirel/.opt/petalinux/tools/linux-i386/gcc-arm-linux-gnueabi/arm-linux-gnueabihf/include" -I"/home/mirel/.opt/petalinux/tools/linux-i386/gcc-arm-linux-gnueabi/arm-linux-gnueabihf/include/c++/6.2.1" -I"/home/mirel/.opt/petalinux/tools/linux-i386/gcc-arm-linux-gnueabi/arm-linux-gnueabihf/include/c++/6.2.1/arm-linux-gnueabihf" -I"/home/mirel/.opt/petalinux/tools/linux-i386/gcc-arm-linux-gnueabi/arm-linux-gnueabihf/include/c++/6.2.1/backward" -I"/home/mirel/.opt/petalinux/tools/linux-i386/gcc-arm-linux-gnueabi/arm-linux-gnueabihf/libc/usr/include" -I"/home/mirel/.opt/petalinux/tools/linux-i386/gcc-arm-linux-gnueabi/lib/gcc/arm-linux-gnueabihf/6.2.1/include" -I"/home/mirel/.opt/petalinux/tools/linux-i386/gcc-arm-linux-gnueabi/lib/gcc/arm-linux-gnueabihf/6.2.1/include-fixed" -c -fmessage-length=0 -MT"src/main.o" -MMD -MP -MF"src/main.d" -MT"src/main.o" -o "src/main.o" "../src/main.cc"
Finished building: ../src/main.cc
 
Building target: opencvcarctrl.elf
Invoking: ARM v7 Linux g++ linker
arm-linux-gnueabihf-g++ -L"/home/mirel/.opt/SDK/2017.4/data/embeddedsw/ThirdParty/opencv/aarch32/lib" -L"/home/mirel/Zybo/SDCar/build/tmp/sysroots/plnx_arm/usr/lib" -L"/home/mirel/Zybo/SDCar/build/tmp/sysroots/plnx_arm/lib" --sysroot="/home/mirel/Zybo/SDCar/build/tmp/sysroots/plnx_arm" -o "opencvcarctrl.elf"  ./src/main.o   -lopencv_core -lopencv_imgcodecs -lopencv_imgproc
Finished building target: opencvcarctrl.elf
 
Invoking: ARM v7 Linux Print Size
arm-linux-gnueabihf-size opencvcarctrl.elf  |tee "opencvcarctrl.elf.size"
   text	   data	    bss	    dec	    hex	filename
[...]
Finished building target: opencvcarctrl.elf
 
Invoking: ARM v7 Linux Print Size
arm-linux-gnueabihf-size opencvcarctrl.elf  |tee "opencvcarctrl.elf.size"
   text	   data	    bss	    dec	    hex	filename
  28169	    532	    156	  28857	   70b9	opencvcarctrl.elf
Finished building: opencvcarctrl.elf.size
 
19:45:17 **** Auto Build of configuration Debug for project opencvcarctrl ****
make all 
Building file: ../src/main.cc
Invoking: ARM v7 Linux g++ compiler
arm-linux-gnueabihf-g++ -Wall -O0 -g3 -I"/home/mirel/.opt/SDK/2017.4/data/embeddedsw/ThirdParty/opencv/aarch32/include" -I"/home/mirel/Zybo/SDCar/build/tmp/sysroots/plnx_arm/usr/include" -I"/home/mirel/.opt/petalinux/tools/linux-i386/gcc-arm-linux-gnueabi/arm-linux-gnueabihf/include" -I"/home/mirel/.opt/petalinux/tools/linux-i386/gcc-arm-linux-gnueabi/arm-linux-gnueabihf/include/c++/6.2.1" -I"/home/mirel/.opt/petalinux/tools/linux-i386/gcc-arm-linux-gnueabi/arm-linux-gnueabihf/include/c++/6.2.1/arm-linux-gnueabihf" -I"/home/mirel/.opt/petalinux/tools/linux-i386/gcc-arm-linux-gnueabi/arm-linux-gnueabihf/include/c++/6.2.1/backward" -I"/home/mirel/.opt/petalinux/tools/linux-i386/gcc-arm-linux-gnueabi/arm-linux-gnueabihf/libc/usr/include" -I"/home/mirel/.opt/petalinux/tools/linux-i386/gcc-arm-linux-gnueabi/lib/gcc/arm-linux-gnueabihf/6.2.1/include" -I"/home/mirel/.opt/petalinux/tools/linux-i386/gcc-arm-linux-gnueabi/lib/gcc/arm-linux-gnueabihf/6.2.1/include-fixed" -c -fmessage-length=0 -MT"src/main.o" -MMD -MP -MF"src/main.d" -MT"src/main.o" -o "src/main.o" "../src/main.cc"
../src/main.cc: In function ‘void OnePoly(cv::Mat)’:
../src/main.cc:53:6: warning: unused variable ‘w’ [-Wunused-variable]
  int w = img.cols;
      ^
../src/main.cc: In function ‘void TwoPoly(cv::Mat)’:
../src/main.cc:72:6: warning: unused variable ‘w’ [-Wunused-variable]
  int w = img.cols;
      ^
../src/main.cc:73:6: warning: unused variable ‘h’ [-Wunused-variable]
  int h = img.rows;
      ^
Finished building: ../src/main.cc
 
Building target: opencvcarctrl.elf
Invoking: ARM v7 Linux g++ linker
arm-linux-gnueabihf-g++ -L"/home/mirel/.opt/SDK/2017.4/data/embeddedsw/ThirdParty/opencv/aarch32/lib" -L"/home/mirel/Zybo/SDCar/build/tmp/sysroots/plnx_arm/usr/lib" -L"/home/mirel/Zybo/SDCar/build/tmp/sysroots/plnx_arm/lib" --sysroot="/home/mirel/Zybo/SDCar/build/tmp/sysroots/plnx_arm" -o "opencvcarctrl.elf"  ./src/main.o   -lopencv_core -lm -lopencv_imgcodecs -lopencv_imgproc
Finished building target: opencvcarctrl.elf
 
Invoking: ARM v7 Linux Print Size
arm-linux-gnueabihf-size opencvcarctrl.elf  |tee "opencvcarctrl.elf.size"
   text	   data	    bss	    dec	    hex	filename
  28249	    532	    156	  28937	   7109	opencvcarctrl.elf
Finished building: opencvcarctrl.elf.size
 
19:45:34 **** Auto Build of configuration Debug for project opencvcarctrl ****
make all 
Building file: ../src/main.cc
Invoking: ARM v7 Linux g++ compiler
arm-linux-gnueabihf-g++ -Wall -O0 -g3 -I"/home/mirel/.opt/SDK/2017.4/data/embeddedsw/ThirdParty/opencv/aarch32/include" -I"/home/mirel/Zybo/SDCar/build/tmp/sysroots/plnx_arm/usr/include" -I"/home/mirel/.opt/petalinux/tools/linux-i386/gcc-arm-linux-gnueabi/arm-linux-gnueabihf/include" -I"/home/mirel/.opt/petalinux/tools/linux-i386/gcc-arm-linux-gnueabi/arm-linux-gnueabihf/include/c++/6.2.1" -I"/home/mirel/.opt/petalinux/tools/linux-i386/gcc-arm-linux-gnueabi/arm-linux-gnueabihf/include/c++/6.2.1/arm-linux-gnueabihf" -I"/home/mirel/.opt/petalinux/tools/linux-i386/gcc-arm-linux-gnueabi/arm-linux-gnueabihf/include/c++/6.2.1/backward" -I"/home/mirel/.opt/petalinux/tools/linux-i386/gcc-arm-linux-gnueabi/arm-linux-gnueabihf/libc/usr/include" -I"/home/mirel/.opt/petalinux/tools/linux-i386/gcc-arm-linux-gnueabi/lib/gcc/arm-linux-gnueabihf/6.2.1/include" -I"/home/mirel/.opt/petalinux/tools/linux-i386/gcc-arm-linux-gnueabi/lib/gcc/arm-linux-gnueabihf/6.2.1/include-fixed" -c -fmessage-length=0 -MT"src/main.o" -MMD -MP -MF"src/main.d" -MT"src/main.o" -o "src/main.o" "../src/main.cc"
../src/main.cc: In function ‘void OnePoly(cv::Mat)’:
../src/main.cc:53:6: warning: unused variable ‘w’ [-Wunused-variable]
  int w = img.cols;
      ^
../src/main.cc: In function ‘void TwoPoly(cv::Mat)’:
../src/main.cc:72:6: warning: unused variable ‘w’ [-Wunused-variable]
  int w = img.cols;
      ^
../src/main.cc:73:6: warning: unused variable ‘h’ [-Wunused-variable]
  int h = img.rows;
      ^
Finished building: ../src/main.cc
 
Building target: opencvcarctrl.elf
Invoking: ARM v7 Linux g++ linker
arm-linux-gnueabihf-g++ -L"/home/mirel/.opt/SDK/2017.4/data/embeddedsw/ThirdParty/opencv/aarch32/lib" -L"/home/mirel/Zybo/SDCar/build/tmp/sysroots/plnx_arm/usr/lib" -L"/home/mirel/Zybo/SDCar/build/tmp/sysroots/plnx_arm/lib" --sysroot="/home/mirel/Zybo/SDCar/build/tmp/sysroots/plnx_arm" -o "opencvcarctrl.elf"  ./src/main.o   -lopencv_core -lm -lopencv_imgcodecs -lopencv_imgproc
Finished building target: opencvcarctrl.elf
 
Invoking: ARM v7 Linux Print Size
arm-linux-gnueabihf-size opencvcarctrl.elf  |tee "opencvcarctrl.elf.size"
   text	   data	    bss	    dec	    hex	filename
  28321	    532	    156	  29009	   7151	opencvcarctrl.elf
Finished building: opencvcarctrl.elf.size
 
19:46:28 **** Auto Build of configuration Debug for project opencvcarctrl ****
make all 
Building file: ../src/main.cc
Invoking: ARM v7 Linux g++ compiler
arm-linux-gnueabihf-g++ -Wall -O0 -g3 -I"/home/mirel/.opt/SDK/2017.4/data/embeddedsw/ThirdParty/opencv/aarch32/include" -I"/home/mirel/Zybo/SDCar/build/tmp/sysroots/plnx_arm/usr/include" -I"/home/mirel/.opt/petalinux/tools/linux-i386/gcc-arm-linux-gnueabi/arm-linux-gnueabihf/include" -I"/home/mirel/.opt/petalinux/tools/linux-i386/gcc-arm-linux-gnueabi/arm-linux-gnueabihf/include/c++/6.2.1" -I"/home/mirel/.opt/petalinux/tools/linux-i386/gcc-arm-linux-gnueabi/arm-linux-gnueabihf/include/c++/6.2.1/arm-linux-gnueabihf" -I"/home/mirel/.opt/petalinux/tools/linux-i386/gcc-arm-linux-gnueabi/arm-linux-gnueabihf/include/c++/6.2.1/backward" -I"/home/mirel/.opt/petalinux/tools/linux-i386/gcc-arm-linux-gnueabi/arm-linux-gnueabihf/libc/usr/include" -I"/home/mirel/.opt/petalinux/tools/linux-i386/gcc-arm-linux-gnueabi/lib/gcc/arm-linux-gnueabihf/6.2.1/include" -I"/home/mirel/.opt/petalinux/tools/linux-i386/gcc-arm-linux-gnueabi/lib/gcc/arm-linux-gnueabihf/6.2.1/include-fixed" -c -fmessage-length=0 -MT"src/main.o" -MMD -MP -MF"src/main.d" -MT"src/main.o" -o "src/main.o" "../src/main.cc"
../src/main.cc: In function ‘void OnePoly(cv::Mat)’:
../src/main.cc:53:6: warning: unused variable ‘w’ [-Wunused-variable]
  int w = img.cols;
      ^
../src/main.cc: In function ‘void TwoPoly(cv::Mat)’:
../src/main.cc:72:6: warning: unused variable ‘w’ [-Wunused-variable]
  int w = img.cols;
      ^
../src/main.cc:73:6: warning: unused variable ‘h’ [-Wunused-variable]
  int h = img.rows;
      ^
Finished building: ../src/main.cc
 
Building target: opencvcarctrl.elf
Invoking: ARM v7 Linux g++ linker
arm-linux-gnueabihf-g++ -L"/home/mirel/.opt/SDK/2017.4/data/embeddedsw/ThirdParty/opencv/aarch32/lib" -L"/home/mirel/Zybo/SDCar/build/tmp/sysroots/plnx_arm/usr/lib" -L"/home/mirel/Zybo/SDCar/build/tmp/sysroots/plnx_arm/lib" --sysroot="/home/mirel/Zybo/SDCar/build/tmp/sysroots/plnx_arm" -o "opencvcarctrl.elf"  ./src/main.o   -lopencv_core -lm -lopencv_imgcodecs -lopencv_imgproc
Finished building target: opencvcarctrl.elf
 
Invoking: ARM v7 Linux Print Size
arm-linux-gnueabihf-size opencvcarctrl.elf  |tee "opencvcarctrl.elf.size"
   text	   data	    bss	    dec	    hex	filename
  28329	    532	    156	  29017	   7159	opencvcarctrl.elf
Finished building: opencvcarctrl.elf.size
 
19:53:17 **** Auto Build of configuration Debug for project opencvcarctrl ****
make all 
Building file: ../src/main.cc
Invoking: ARM v7 Linux g++ compiler
arm-linux-gnueabihf-g++ -Wall -O0 -g3 -I"/home/mirel/.opt/SDK/2017.4/data/embeddedsw/ThirdParty/opencv/aarch32/include" -I"/home/mirel/Zybo/SDCar/build/tmp/sysroots/plnx_arm/usr/include" -I"/home/mirel/.opt/petalinux/tools/linux-i386/gcc-arm-linux-gnueabi/arm-linux-gnueabihf/include" -I"/home/mirel/.opt/petalinux/tools/linux-i386/gcc-arm-linux-gnueabi/arm-linux-gnueabihf/include/c++/6.2.1" -I"/home/mirel/.opt/petalinux/tools/linux-i386/gcc-arm-linux-gnueabi/arm-linux-gnueabihf/include/c++/6.2.1/arm-linux-gnueabihf" -I"/home/mirel/.opt/petalinux/tools/linux-i386/gcc-arm-linux-gnueabi/arm-linux-gnueabihf/include/c++/6.2.1/backward" -I"/home/mirel/.opt/petalinux/tools/linux-i386/gcc-arm-linux-gnueabi/arm-linux-gnueabihf/libc/usr/include" -I"/home/mirel/.opt/petalinux/tools/linux-i386/gcc-arm-linux-gnueabi/lib/gcc/arm-linux-gnueabihf/6.2.1/include" -I"/home/mirel/.opt/petalinux/tools/linux-i386/gcc-arm-linux-gnueabi/lib/gcc/arm-linux-gnueabihf/6.2.1/include-fixed" -c -fmessage-length=0 -MT"src/main.o" -MMD -MP -MF"src/main.d" -MT"src/main.o" -o "src/main.o" "../src/main.cc"
../src/main.cc: In function ‘void OnePoly(cv::Mat)’:
../src/main.cc:53:6: warning: unused variable ‘w’ [-Wunused-variable]
  int w = img.cols;
      ^
../src/main.cc: In function ‘void TwoPoly(cv::Mat)’:
../src/main.cc:72:6: warning: unused variable ‘w’ [-Wunused-variable]
  int w = img.cols;
      ^
../src/main.cc:73:6: warning: unused variable ‘h’ [-Wunused-variable]
  int h = img.rows;
      ^
Finished building: ../src/main.cc
 
Building target: opencvcarctrl.elf
Invoking: ARM v7 Linux g++ linker
arm-linux-gnueabihf-g++ -L"/home/mirel/.opt/SDK/2017.4/data/embeddedsw/ThirdParty/opencv/aarch32/lib" -L"/home/mirel/Zybo/SDCar/build/tmp/sysroots/plnx_arm/usr/lib" -L"/home/mirel/Zybo/SDCar/build/tmp/sysroots/plnx_arm/lib" --sysroot="/home/mirel/Zybo/SDCar/build/tmp/sysroots/plnx_arm" -o "opencvcarctrl.elf"  ./src/main.o   -lopencv_core -lm -lopencv_imgcodecs -lopencv_imgproc
Finished building target: opencvcarctrl.elf
 
Invoking: ARM v7 Linux Print Size
arm-linux-gnueabihf-size opencvcarctrl.elf  |tee "opencvcarctrl.elf.size"
   text	   data	    bss	    dec	    hex	filename
  28345	    532	    156	  29033	   7169	opencvcarctrl.elf
Finished building: opencvcarctrl.elf.size
 
20:00:42 **** Auto Build of configuration Debug for project opencvcarctrl ****
make all 
Building file: ../src/main.cc
Invoking: ARM v7 Linux g++ compiler
arm-linux-gnueabihf-g++ -Wall -O0 -g3 -I"/home/mirel/.opt/SDK/2017.4/data/embeddedsw/ThirdParty/opencv/aarch32/include" -I"/home/mirel/Zybo/SDCar/build/tmp/sysroots/plnx_arm/usr/include" -I"/home/mirel/.opt/petalinux/tools/linux-i386/gcc-arm-linux-gnueabi/arm-linux-gnueabihf/include" -I"/home/mirel/.opt/petalinux/tools/linux-i386/gcc-arm-linux-gnueabi/arm-linux-gnueabihf/include/c++/6.2.1" -I"/home/mirel/.opt/petalinux/tools/linux-i386/gcc-arm-linux-gnueabi/arm-linux-gnueabihf/include/c++/6.2.1/arm-linux-gnueabihf" -I"/home/mirel/.opt/petalinux/tools/linux-i386/gcc-arm-linux-gnueabi/arm-linux-gnueabihf/include/c++/6.2.1/backward" -I"/home/mirel/.opt/petalinux/tools/linux-i386/gcc-arm-linux-gnueabi/arm-linux-gnueabihf/libc/usr/include" -I"/home/mirel/.opt/petalinux/tools/linux-i386/gcc-arm-linux-gnueabi/lib/gcc/arm-linux-gnueabihf/6.2.1/include" -I"/home/mirel/.opt/petalinux/tools/linux-i386/gcc-arm-linux-gnueabi/lib/gcc/arm-linux-gnueabihf/6.2.1/include-fixed" -c -fmessage-length=0 -MT"src/main.o" -MMD -MP -MF"src/main.d" -MT"src/main.o" -o "src/main.o" "../src/main.cc"
../src/main.cc: In function ‘void OnePoly(cv::Mat)’:
../src/main.cc:53:6: warning: unused variable ‘w’ [-Wunused-variable]
  int w = img.cols;
      ^
../src/main.cc: In function ‘void TwoPoly(cv::Mat)’:
../src/main.cc:72:6: warning: unused variable ‘w’ [-Wunused-variable]
  int w = img.cols;
      ^
../src/main.cc:73:6: warning: unused variable ‘h’ [-Wunused-variable]
  int h = img.rows;
      ^
Finished building: ../src/main.cc
 
Building target: opencvcarctrl.elf
Invoking: ARM v7 Linux g++ linker
arm-linux-gnueabihf-g++ -L"/home/mirel/.opt/SDK/2017.4/data/embeddedsw/ThirdParty/opencv/aarch32/lib" -L"/home/mirel/Zybo/SDCar/build/tmp/sysroots/plnx_arm/usr/lib" -L"/home/mirel/Zybo/SDCar/build/tmp/sysroots/plnx_arm/lib" --sysroot="/home/mirel/Zybo/SDCar/build/tmp/sysroots/plnx_arm" -o "opencvcarctrl.elf"  ./src/main.o   -lopencv_core -lm -lopencv_imgcodecs -lopencv_imgproc
Finished building target: opencvcarctrl.elf
 
Invoking: ARM v7 Linux Print Size
arm-linux-gnueabihf-size opencvcarctrl.elf  |tee "opencvcarctrl.elf.size"
   text	   data	    bss	    dec	    hex	filename
  28337	    532	    156	  29025	   7161	opencvcarctrl.elf
Finished building: opencvcarctrl.elf.size
 
20:11:21 **** Auto Build of configuration Debug for project opencvcarctrl ****
make all 
Building file: ../src/main.cc
Invoking: ARM v7 Linux g++ compiler
arm-linux-gnueabihf-g++ -Wall -O0 -g3 -I"/home/mirel/.opt/SDK/2017.4/data/embeddedsw/ThirdParty/opencv/aarch32/include" -I"/home/mirel/Zybo/SDCar/build/tmp/sysroots/plnx_arm/usr/include" -I"/home/mirel/.opt/petalinux/tools/linux-i386/gcc-arm-linux-gnueabi/arm-linux-gnueabihf/include" -I"/home/mirel/.opt/petalinux/tools/linux-i386/gcc-arm-linux-gnueabi/arm-linux-gnueabihf/include/c++/6.2.1" -I"/home/mirel/.opt/petalinux/tools/linux-i386/gcc-arm-linux-gnueabi/arm-linux-gnueabihf/include/c++/6.2.1/arm-linux-gnueabihf" -I"/home/mirel/.opt/petalinux/tools/linux-i386/gcc-arm-linux-gnueabi/arm-linux-gnueabihf/include/c++/6.2.1/backward" -I"/home/mirel/.opt/petalinux/tools/linux-i386/gcc-arm-linux-gnueabi/arm-linux-gnueabihf/libc/usr/include" -I"/home/mirel/.opt/petalinux/tools/linux-i386/gcc-arm-linux-gnueabi/lib/gcc/arm-linux-gnueabihf/6.2.1/include" -I"/home/mirel/.opt/petalinux/tools/linux-i386/gcc-arm-linux-gnueabi/lib/gcc/arm-linux-gnueabihf/6.2.1/include-fixed" -c -fmessage-length=0 -MT"src/main.o" -MMD -MP -MF"src/main.d" -MT"src/main.o" -o "src/main.o" "../src/main.cc"
../src/main.cc: In function ‘void OnePoly(cv::Mat)’:
../src/main.cc:53:6: warning: unused variable ‘w’ [-Wunused-variable]
  int w = img.cols;
      ^
../src/main.cc: In function ‘void TwoPoly(cv::Mat)’:
../src/main.cc:72:6: warning: unused variable ‘w’ [-Wunused-variable]
  int w = img.cols;
      ^
../src/main.cc:73:6: warning: unused variable ‘h’ [-Wunused-variable]
  int h = img.rows;
      ^
Finished building: ../src/main.cc
 
Building target: opencvcarctrl.elf
Invoking: ARM v7 Linux g++ linker
arm-linux-gnueabihf-g++ -L"/home/mirel/.opt/SDK/2017.4/data/embeddedsw/ThirdParty/opencv/aarch32/lib" -L"/home/mirel/Zybo/SDCar/build/tmp/sysroots/plnx_arm/usr/lib" -L"/home/mirel/Zybo/SDCar/build/tmp/sysroots/plnx_arm/lib" --sysroot="/home/mirel/Zybo/SDCar/build/tmp/sysroots/plnx_arm" -o "opencvcarctrl.elf"  ./src/main.o   -lopencv_core -lm -lopencv_imgcodecs -lopencv_imgproc
Finished building target: opencvcarctrl.elf
 
Invoking: ARM v7 Linux Print Size
arm-linux-gnueabihf-size opencvcarctrl.elf  |tee "opencvcarctrl.elf.size"
   text	   data	    bss	    dec	    hex	filename
  28337	    532	    156	  29025	   7161	opencvcarctrl.elf
Finished building: opencvcarctrl.elf.size
 
20:16:53 **** Auto Build of configuration Debug for project opencvcarctrl ****
make all 
Building file: ../src/main.cc
Invoking: ARM v7 Linux g++ compiler
arm-linux-gnueabihf-g++ -Wall -O0 -g3 -I"/home/mirel/.opt/SDK/2017.4/data/embeddedsw/ThirdParty/opencv/aarch32/include" -I"/home/mirel/Zybo/SDCar/build/tmp/sysroots/plnx_arm/usr/include" -I"/home/mirel/.opt/petalinux/tools/linux-i386/gcc-arm-linux-gnueabi/arm-linux-gnueabihf/include" -I"/home/mirel/.opt/petalinux/tools/linux-i386/gcc-arm-linux-gnueabi/arm-linux-gnueabihf/include/c++/6.2.1" -I"/home/mirel/.opt/petalinux/tools/linux-i386/gcc-arm-linux-gnueabi/arm-linux-gnueabihf/include/c++/6.2.1/arm-linux-gnueabihf" -I"/home/mirel/.opt/petalinux/tools/linux-i386/gcc-arm-linux-gnueabi/arm-linux-gnueabihf/include/c++/6.2.1/backward" -I"/home/mirel/.opt/petalinux/tools/linux-i386/gcc-arm-linux-gnueabi/arm-linux-gnueabihf/libc/usr/include" -I"/home/mirel/.opt/petalinux/tools/linux-i386/gcc-arm-linux-gnueabi/lib/gcc/arm-linux-gnueabihf/6.2.1/include" -I"/home/mirel/.opt/petalinux/tools/linux-i386/gcc-arm-linux-gnueabi/lib/gcc/arm-linux-gnueabihf/6.2.1/include-fixed" -c -fmessage-length=0 -MT"src/main.o" -MMD -MP -MF"src/main.d" -MT"src/main.o" -o "src/main.o" "../src/main.cc"
../src/main.cc: In function ‘void OnePoly(cv::Mat)’:
../src/main.cc:53:6: warning: unused variable ‘w’ [-Wunused-variable]
  int w = img.cols;
      ^
../src/main.cc: In function ‘void TwoPoly(cv::Mat)’:
../src/main.cc:72:6: warning: unused variable ‘w’ [-Wunused-variable]
  int w = img.cols;
      ^
../src/main.cc:73:6: warning: unused variable ‘h’ [-Wunused-variable]
  int h = img.rows;
      ^
Finished building: ../src/main.cc
 
Building target: opencvcarctrl.elf
Invoking: ARM v7 Linux g++ linker
arm-linux-gnueabihf-g++ -L"/home/mirel/.opt/SDK/2017.4/data/embeddedsw/ThirdParty/opencv/aarch32/lib" -L"/home/mirel/Zybo/SDCar/build/tmp/sysroots/plnx_arm/usr/lib" -L"/home/mirel/Zybo/SDCar/build/tmp/sysroots/plnx_arm/lib" --sysroot="/home/mirel/Zybo/SDCar/build/tmp/sysroots/plnx_arm" -o "opencvcarctrl.elf"  ./src/main.o   -lopencv_core -lm -lopencv_imgcodecs -lopencv_imgproc
Finished building target: opencvcarctrl.elf
 
Invoking: ARM v7 Linux Print Size
arm-linux-gnueabihf-size opencvcarctrl.elf  |tee "opencvcarctrl.elf.size"
   text	   data	    bss	    dec	    hex	filename
  28321	    532	    156	  29009	   7151	opencvcarctrl.elf
Finished building: opencvcarctrl.elf.size
 
20:17:18 **** Auto Build of configuration Debug for project opencvcarctrl ****
make all 
Building file: ../src/main.cc
Invoking: ARM v7 Linux g++ compiler
arm-linux-gnueabihf-g++ -Wall -O0 -g3 -I"/home/mirel/.opt/SDK/2017.4/data/embeddedsw/ThirdParty/opencv/aarch32/include" -I"/home/mirel/Zybo/SDCar/build/tmp/sysroots/plnx_arm/usr/include" -I"/home/mirel/.opt/petalinux/tools/linux-i386/gcc-arm-linux-gnueabi/arm-linux-gnueabihf/include" -I"/home/mirel/.opt/petalinux/tools/linux-i386/gcc-arm-linux-gnueabi/arm-linux-gnueabihf/include/c++/6.2.1" -I"/home/mirel/.opt/petalinux/tools/linux-i386/gcc-arm-linux-gnueabi/arm-linux-gnueabihf/include/c++/6.2.1/arm-linux-gnueabihf" -I"/home/mirel/.opt/petalinux/tools/linux-i386/gcc-arm-linux-gnueabi/arm-linux-gnueabihf/include/c++/6.2.1/backward" -I"/home/mirel/.opt/petalinux/tools/linux-i386/gcc-arm-linux-gnueabi/arm-linux-gnueabihf/libc/usr/include" -I"/home/mirel/.opt/petalinux/tools/linux-i386/gcc-arm-linux-gnueabi/lib/gcc/arm-linux-gnueabihf/6.2.1/include" -I"/home/mirel/.opt/petalinux/tools/linux-i386/gcc-arm-linux-gnueabi/lib/gcc/arm-linux-gnueabihf/6.2.1/include-fixed" -c -fmessage-length=0 -MT"src/main.o" -MMD -MP -MF"src/main.d" -MT"src/main.o" -o "src/main.o" "../src/main.cc"
../src/main.cc: In function ‘void OnePoly(cv::Mat)’:
../src/main.cc:53:6: warning: unused variable ‘w’ [-Wunused-variable]
  int w = img.cols;
      ^
../src/main.cc: In function ‘void TwoPoly(cv::Mat)’:
../src/main.cc:72:6: warning: unused variable ‘w’ [-Wunused-variable]
  int w = img.cols;
      ^
../src/main.cc:73:6: warning: unused variable ‘h’ [-Wunused-variable]
  int h = img.rows;
      ^
Finished building: ../src/main.cc
 
Building target: opencvcarctrl.elf
Invoking: ARM v7 Linux g++ linker
arm-linux-gnueabihf-g++ -L"/home/mirel/.opt/SDK/2017.4/data/embeddedsw/ThirdParty/opencv/aarch32/lib" -L"/home/mirel/Zybo/SDCar/build/tmp/sysroots/plnx_arm/usr/lib" -L"/home/mirel/Zybo/SDCar/build/tmp/sysroots/plnx_arm/lib" --sysroot="/home/mirel/Zybo/SDCar/build/tmp/sysroots/plnx_arm" -o "opencvcarctrl.elf"  ./src/main.o   -lopencv_core -lm -lopencv_imgcodecs -lopencv_imgproc
Finished building target: opencvcarctrl.elf
 
Invoking: ARM v7 Linux Print Size
arm-linux-gnueabihf-size opencvcarctrl.elf  |tee "opencvcarctrl.elf.size"
   text	   data	    bss	    dec	    hex	filename
  28321	    532	    156	  29009	   7151	opencvcarctrl.elf
Finished building: opencvcarctrl.elf.size
 
